Archive member included because of file (symbol)

c:/program files (x86)/gnu tools arm embedded/4.9 2015q3/bin/../lib/gcc/arm-none-eabi/4.9.3/../../../../arm-none-eabi/lib/armv7e-m/fpu\libc_nano.a(lib_a-exit.o)
                              c:/program files (x86)/gnu tools arm embedded/4.9 2015q3/bin/../lib/gcc/arm-none-eabi/4.9.3/../../../../arm-none-eabi/lib/armv7e-m/fpu/crt0.o (exit)
c:/program files (x86)/gnu tools arm embedded/4.9 2015q3/bin/../lib/gcc/arm-none-eabi/4.9.3/../../../../arm-none-eabi/lib/armv7e-m/fpu\libc_nano.a(lib_a-impure.o)
                              c:/program files (x86)/gnu tools arm embedded/4.9 2015q3/bin/../lib/gcc/arm-none-eabi/4.9.3/../../../../arm-none-eabi/lib/armv7e-m/fpu\libc_nano.a(lib_a-exit.o) (_global_impure_ptr)
c:/program files (x86)/gnu tools arm embedded/4.9 2015q3/bin/../lib/gcc/arm-none-eabi/4.9.3/../../../../arm-none-eabi/lib/armv7e-m/fpu\libc_nano.a(lib_a-init.o)
                              c:/program files (x86)/gnu tools arm embedded/4.9 2015q3/bin/../lib/gcc/arm-none-eabi/4.9.3/../../../../arm-none-eabi/lib/armv7e-m/fpu/crt0.o (__libc_init_array)
c:/program files (x86)/gnu tools arm embedded/4.9 2015q3/bin/../lib/gcc/arm-none-eabi/4.9.3/../../../../arm-none-eabi/lib/armv7e-m/fpu\libc_nano.a(lib_a-memset.o)
                              c:/program files (x86)/gnu tools arm embedded/4.9 2015q3/bin/../lib/gcc/arm-none-eabi/4.9.3/../../../../arm-none-eabi/lib/armv7e-m/fpu/crt0.o (memset)
c:/program files (x86)/gnu tools arm embedded/4.9 2015q3/bin/../lib/gcc/arm-none-eabi/4.9.3/../../../../arm-none-eabi/lib/armv7e-m/fpu\libnosys.a(_exit.o)
                              c:/program files (x86)/gnu tools arm embedded/4.9 2015q3/bin/../lib/gcc/arm-none-eabi/4.9.3/../../../../arm-none-eabi/lib/armv7e-m/fpu\libc_nano.a(lib_a-exit.o) (_exit)
c:/program files (x86)/gnu tools arm embedded/4.9 2015q3/bin/../lib/gcc/arm-none-eabi/4.9.3/../../../../arm-none-eabi/lib/armv7e-m/fpu\libc_nano.a(lib_a-memcpy.o)
                              _build/SEGGER_RTT.o (memcpy)
c:/program files (x86)/gnu tools arm embedded/4.9 2015q3/bin/../lib/gcc/arm-none-eabi/4.9.3/../../../../arm-none-eabi/lib/armv7e-m/fpu\libc_nano.a(lib_a-strcpy.o)
                              _build/SEGGER_RTT.o (strcpy)
c:/program files (x86)/gnu tools arm embedded/4.9 2015q3/bin/../lib/gcc/arm-none-eabi/4.9.3/../../../../arm-none-eabi/lib/armv7e-m/fpu\libc_nano.a(lib_a-strlen.o)
                              _build/SEGGER_RTT.o (strlen)

Allocating common symbols
Common symbol       size              file

nrf_nvic_state      0xc               _build/softdevice_handler.o
_SEGGER_RTT         0x78              _build/SEGGER_RTT.o

Discarded input sections

 .text          0x00000000        0x0 c:/program files (x86)/gnu tools arm embedded/4.9 2015q3/bin/../lib/gcc/arm-none-eabi/4.9.3/armv7e-m/fpu/crti.o
 .data          0x00000000        0x0 c:/program files (x86)/gnu tools arm embedded/4.9 2015q3/bin/../lib/gcc/arm-none-eabi/4.9.3/armv7e-m/fpu/crti.o
 .bss           0x00000000        0x0 c:/program files (x86)/gnu tools arm embedded/4.9 2015q3/bin/../lib/gcc/arm-none-eabi/4.9.3/armv7e-m/fpu/crti.o
 .data          0x00000000        0x4 c:/program files (x86)/gnu tools arm embedded/4.9 2015q3/bin/../lib/gcc/arm-none-eabi/4.9.3/armv7e-m/fpu/crtbegin.o
 .data          0x00000000        0x0 c:/program files (x86)/gnu tools arm embedded/4.9 2015q3/bin/../lib/gcc/arm-none-eabi/4.9.3/../../../../arm-none-eabi/lib/armv7e-m/fpu/crt0.o
 .bss           0x00000000        0x0 c:/program files (x86)/gnu tools arm embedded/4.9 2015q3/bin/../lib/gcc/arm-none-eabi/4.9.3/../../../../arm-none-eabi/lib/armv7e-m/fpu/crt0.o
 .ARM.extab     0x00000000        0x0 c:/program files (x86)/gnu tools arm embedded/4.9 2015q3/bin/../lib/gcc/arm-none-eabi/4.9.3/../../../../arm-none-eabi/lib/armv7e-m/fpu/crt0.o
 .text          0x00000000        0x0 c:/program files (x86)/gnu tools arm embedded/4.9 2015q3/bin/../lib/gcc/arm-none-eabi/4.9.3/../../../../arm-none-eabi/lib/armv7e-m/fpu\libc_nano.a(lib_a-exit.o)
 .data          0x00000000        0x0 c:/program files (x86)/gnu tools arm embedded/4.9 2015q3/bin/../lib/gcc/arm-none-eabi/4.9.3/../../../../arm-none-eabi/lib/armv7e-m/fpu\libc_nano.a(lib_a-exit.o)
 .bss           0x00000000        0x0 c:/program files (x86)/gnu tools arm embedded/4.9 2015q3/bin/../lib/gcc/arm-none-eabi/4.9.3/../../../../arm-none-eabi/lib/armv7e-m/fpu\libc_nano.a(lib_a-exit.o)
 .text          0x00000000        0x0 c:/program files (x86)/gnu tools arm embedded/4.9 2015q3/bin/../lib/gcc/arm-none-eabi/4.9.3/../../../../arm-none-eabi/lib/armv7e-m/fpu\libc_nano.a(lib_a-impure.o)
 .data          0x00000000        0x0 c:/program files (x86)/gnu tools arm embedded/4.9 2015q3/bin/../lib/gcc/arm-none-eabi/4.9.3/../../../../arm-none-eabi/lib/armv7e-m/fpu\libc_nano.a(lib_a-impure.o)
[...]
Memory Configuration

Name             Origin             Length             Attributes
FLASH            0x0001c000         0x00064000         xr
RAM              0x20001ff8         0x0000e008         xrw
*default*        0x00000000         0xffffffff

Linker script and memory map


.text           0x0001c000     0x5744
 *(.isr_vector)
 .isr_vector    0x0001c000      0x400 _build/gcc_startup_nrf52.o
                0x0001c000                __isr_vector
 *(.text*)
 .text          0x0001c400       0x5c c:/program files (x86)/gnu tools arm embedded/4.9 2015q3/bin/../lib/gcc/arm-none-eabi/4.9.3/armv7e-m/fpu/crtbegin.o
 .text          0x0001c45c       0x74 c:/program files (x86)/gnu tools arm embedded/4.9 2015q3/bin/../lib/gcc/arm-none-eabi/4.9.3/../../../../arm-none-eabi/lib/armv7e-m/fpu/crt0.o
                0x0001c45c                _start
                0x0001c45c                _mainCRTStartup
 .text.exit     0x0001c4d0       0x28 c:/program files (x86)/gnu tools arm embedded/4.9 2015q3/bin/../lib/gcc/arm-none-eabi/4.9.3/../../../../arm-none-eabi/lib/armv7e-m/fpu\libc_nano.a(lib_a-exit.o)
                0x0001c4d0                exit
 .text.__libc_init_array
                0x0001c4f8       0x4c c:/program files (x86)/gnu tools arm embedded/4.9 2015q3/bin/../lib/gcc/arm-none-eabi/4.9.3/../../../../arm-none-eabi/lib/armv7e-m/fpu\libc_nano.a(lib_a-init.o)
                0x0001c4f8                __libc_init_array
 .text.memset   0x0001c544       0x10 c:/program files (x86)/gnu tools arm embedded/4.9 2015q3/bin/../lib/gcc/arm-none-eabi/4.9.3/../../../../arm-none-eabi/lib/armv7e-m/fpu\libc_nano.a(lib_a-memset.o)
                0x0001c544                memset
 .text._exit    0x0001c554        0x4 c:/program files (x86)/gnu tools arm embedded/4.9 2015q3/bin/../lib/gcc/arm-none-eabi/4.9.3/../../../../arm-none-eabi/lib/armv7e-m/fpu\libnosys.a(_exit.o)
                0x0001c554                _exit
 .text.detection_delay_timeout_handler
                0x0001c558       0xa4 _build/app_button.o
 .text.gpiote_event_handler
                0x0001c5fc       0x5c _build/app_button.o
 .text.app_button_init
                0x0001c658       0xb0 _build/app_button.o
                0x0001c658                app_button_init
 .text.app_button_enable
                0x0001c708       0x2c _build/app_button.o
                0x0001c708                app_button_enable
 .text.app_error_handler_bare
                0x0001c734       0x20 _build/app_error.o
                0x0001c734                app_error_handler_bare
 .text.app_error_fault_handler
                0x0001c754       0x24 _build/app_error_weak.o
                0x0001c754                app_error_fault_handler
 .text.rtc1_stop
                0x0001c778      0x134 _build/app_timer.o
 .text.RTC1_IRQHandler
                0x0001c8ac       0xc4 _build/app_timer.o
                0x0001c8ac                RTC1_IRQHandler
 .text.SWI0_EGU0_IRQHandler
                0x0001c970      0x4c4 _build/app_timer.o
                0x0001c970                SWI0_EGU0_IRQHandler
 .text.app_timer_init
                0x0001ce34       0xdc _build/app_timer.o
                0x0001ce34                app_timer_init
 .text.app_timer_create
                0x0001cf10       0x24 _build/app_timer.o
                0x0001cf10                app_timer_create
 .text.app_timer_start
                0x0001cf34       0xd4 _build/app_timer.o
                0x0001cf34                app_timer_start
 .text.app_timer_stop
                0x0001d008       0xa8 _build/app_timer.o
                0x0001d008                app_timer_stop
 .text.log_rtt_init
                0x0001d0b0       0x50 _build/nrf_log.o
                0x0001d0b0                log_rtt_init
 .text.log_rtt_printf
                0x0001d100       0x20 _build/nrf_log.o
                0x0001d100                log_rtt_printf
 .text.SEGGER_RTT_Write
                0x0001d120      0x200 _build/SEGGER_RTT.o
                0x0001d120                SEGGER_RTT_Write
 .text.SEGGER_RTT_WriteString
                0x0001d320      0x208 _build/SEGGER_RTT.o
                0x0001d320                SEGGER_RTT_WriteString
 .text.SEGGER_RTT_ConfigUpBuffer
                0x0001d528       0xd8 _build/SEGGER_RTT.o
                0x0001d528                SEGGER_RTT_ConfigUpBuffer
 .text.SEGGER_RTT_ConfigDownBuffer
                0x0001d600       0xcc _build/SEGGER_RTT.o
                0x0001d600                SEGGER_RTT_ConfigDownBuffer
 .text._PrintUnsigned
                0x0001d6cc      0x1a0 _build/SEGGER_RTT_printf.o
 .text.SEGGER_RTT_vprintf
                0x0001d86c      0x4bc _build/SEGGER_RTT_printf.o
                0x0001d86c                SEGGER_RTT_vprintf
 .text.SEGGER_RTT_printf
                0x0001dd28       0x20 _build/SEGGER_RTT_printf.o
                0x0001dd28                SEGGER_RTT_printf
 .text.nrf_drv_common_irq_enable
                0x0001dd48       0x50 _build/nrf_drv_common.o
                0x0001dd48                nrf_drv_common_irq_enable
 .text.nrf_drv_gpiote_init
                0x0001dd98       0x70 _build/nrf_drv_gpiote.o
                0x0001dd98                nrf_drv_gpiote_init
 .text.nrf_drv_gpiote_is_init
                0x0001de08       0x14 _build/nrf_drv_gpiote.o
                0x0001de08                nrf_drv_gpiote_is_init
 .text.nrf_drv_gpiote_in_init
                0x0001de1c      0x194 _build/nrf_drv_gpiote.o
                0x0001de1c                nrf_drv_gpiote_in_init
 .text.nrf_drv_gpiote_in_event_enable
                0x0001dfb0       0xc4 _build/nrf_drv_gpiote.o
                0x0001dfb0                nrf_drv_gpiote_in_event_enable
 .text.nrf_drv_gpiote_in_is_set
                0x0001e074       0x14 _build/nrf_drv_gpiote.o
                0x0001e074                nrf_drv_gpiote_in_is_set
 .text.GPIOTE_IRQHandler
                0x0001e088      0x3d0 _build/nrf_drv_gpiote.o
                0x0001e088                GPIOTE_IRQHandler
 .text.UARTE0_UART0_IRQHandler
                0x0001e458      0x2c0 _build/nrf_drv_uart.o
                0x0001e458                UARTE0_UART0_IRQHandler
 .text.alert_timer_handler
                0x0001e718       0x1c _build/bsp.o
 .text.bsp_button_event_handler
                0x0001e734       0x88 _build/bsp.o
 .text.leds_timer_handler
                0x0001e7bc      0x3b0 _build/bsp.o
 .text.button_timer_handler
                0x0001eb6c       0x24 _build/bsp.o
 .text.bsp_indication_set
                0x0001eb90      0x408 _build/bsp.o
                0x0001eb90                bsp_indication_set
 .text.bsp_init
                0x0001ef98       0xac _build/bsp.o
                0x0001ef98                bsp_init
 .text.sd_ble_gap_adv_start
                0x0001f044        0x4 _build/main.o
 .text.sd_ble_gap_ppcp_set
                0x0001f048        0x4 _build/main.o
 .text.sd_ble_gap_device_name_set
                0x0001f04c        0x4 _build/main.o
 .text.sd_ble_gatts_rw_authorize_reply
                0x0001f050        0x4 _build/main.o
 .text.sd_app_evt_wait
                0x0001f054        0x4 _build/main.o
 .text.fat_read_evt_handler
                0x0001f058       0xd0 _build/main.o
 .text.sys_evt_dispatch
                0x0001f128        0x4 _build/main.o
 .text.ble_evt_dispatch
                0x0001f12c       0xb8 _build/main.o
 .text.startup.main
                0x0001f1e4      0x278 _build/main.o
                0x0001f1e4                main
 .text.sd_ble_gatts_service_add
                0x0001f45c        0x4 _build/ble_fat.o
 .text.sd_ble_gatts_characteristic_add
                0x0001f460        0x4 _build/ble_fat.o
 .text.sd_ble_uuid_vs_add
                0x0001f464        0x4 _build/ble_fat.o
 .text.ble_fat_on_ble_evt
                0x0001f468       0x30 _build/ble_fat.o
                0x0001f468                ble_fat_on_ble_evt
 .text.ble_fat_init
                0x0001f498      0x160 _build/ble_fat.o
                0x0001f498                ble_fat_init
 .text.sd_ble_gap_address_get
                0x0001f5f8        0x4 _build/ble_advdata.o
 .text.sd_ble_gap_adv_data_set
                0x0001f5fc        0x4 _build/ble_advdata.o
 .text.sd_ble_gap_appearance_get
                0x0001f600        0x4 _build/ble_advdata.o
 .text.sd_ble_gap_device_name_get
                0x0001f604        0x4 _build/ble_advdata.o
 .text.sd_ble_uuid_encode
                0x0001f608        0x4 _build/ble_advdata.o
 .text.name_encode
                0x0001f60c       0x90 _build/ble_advdata.o
 .text.uuid_list_sized_encode
                0x0001f69c       0xc0 _build/ble_advdata.o
 .text.adv_data_encode
                0x0001f75c      0x554 _build/ble_advdata.o
                0x0001f75c                adv_data_encode
 .text.ble_advdata_set
                0x0001fcb0      0x5b8 _build/ble_advdata.o
                0x0001fcb0                ble_advdata_set
 .text.sd_ble_gap_conn_param_update
                0x00020268        0x4 _build/ble_conn_params.o
 .text.sd_ble_gap_disconnect
                0x0002026c        0x4 _build/ble_conn_params.o
 .text.sd_ble_gap_ppcp_set
                0x00020270        0x4 _build/ble_conn_params.o
 .text.sd_ble_gap_ppcp_get
                0x00020274        0x4 _build/ble_conn_params.o
 .text.update_timeout_handler
                0x00020278       0x74 _build/ble_conn_params.o
 .text.conn_params_negotiation
                0x000202ec       0x94 _build/ble_conn_params.o
 .text.ble_conn_params_init
                0x00020380       0x74 _build/ble_conn_params.o
                0x00020380                ble_conn_params_init
 .text.ble_conn_params_on_ble_evt
                0x000203f4       0xb4 _build/ble_conn_params.o
                0x000203f4                ble_conn_params_on_ble_evt
 .text.SystemInit
                0x000204a8      0x2b0 _build/system_nrf52.o
                0x000204a8                SystemInit
 .text.sd_evt_get
                0x00020758        0x4 _build/softdevice_handler.o
 .text.sd_softdevice_enable
                0x0002075c        0x4 _build/softdevice_handler.o
 .text.sd_ble_enable
                0x00020760        0x4 _build/softdevice_handler.o
 .text.sd_ble_evt_get
                0x00020764        0x4 _build/softdevice_handler.o
 .text.softdevice_fault_handler
                0x00020768        0x8 _build/softdevice_handler.o
                0x00020768                softdevice_fault_handler
 .text.intern_softdevice_events_execute.part.0
                0x00020770       0xc8 _build/softdevice_handler.o
 .text.softdevice_handler_init
                0x00020838       0x88 _build/softdevice_handler.o
                0x00020838                softdevice_handler_init
 .text.softdevice_ble_evt_handler_set
                0x000208c0       0x14 _build/softdevice_handler.o
                0x000208c0                softdevice_ble_evt_handler_set
 .text.softdevice_sys_evt_handler_set
                0x000208d4       0x14 _build/softdevice_handler.o
                0x000208d4                softdevice_sys_evt_handler_set
 .text.SWI2_EGU2_IRQHandler
                0x000208e8       0x30 _build/softdevice_handler.o
                0x000208e8                SWI2_EGU2_IRQHandler
 .text.softdevice_enable_get_default_config
                0x00020918       0x30 _build/softdevice_handler.o
                0x00020918                softdevice_enable_get_default_config
 .text.sd_check_ram_start
                0x00020948       0x48 _build/softdevice_handler.o
                0x00020948                sd_check_ram_start
 .text.softdevice_enable
                0x00020990       0x7c _build/softdevice_handler.o
                0x00020990                softdevice_enable
 .text.sd_ble_gap_adv_start
                0x00020a0c        0x4 _build/ble_advertising.o
 .text.ble_advertising_start
                0x00020a10      0x2b8 _build/ble_advertising.o
                0x00020a10                ble_advertising_start
 .text.ble_advertising_on_ble_evt
                0x00020cc8       0xb8 _build/ble_advertising.o
                0x00020cc8                ble_advertising_on_ble_evt
 .text.ble_advertising_on_sys_evt
                0x00020d80       0x38 _build/ble_advertising.o
                0x00020d80                ble_advertising_on_sys_evt
 .text.pstorage_access_status_get
                0x00020db8       0x24 _build/pstorage.o
                0x00020db8                pstorage_access_status_get
 .text.fs_queued_op_count_get
                0x00020ddc       0x14 _build/fstorage.o
                0x00020ddc                fs_queued_op_count_get
 .text          0x00020df0       0x3c _build/gcc_startup_nrf52.o
                0x00020df0                Reset_Handler
                0x00020e18                NMI_Handler
                0x00020e1a                HardFault_Handler
                0x00020e1c                MemoryManagement_Handler
                0x00020e1e                BusFault_Handler
                0x00020e20                UsageFault_Handler
                0x00020e22                SVC_Handler
                0x00020e24                DebugMonitor_Handler
                0x00020e26                PendSV_Handler
                0x00020e28                SysTick_Handler
                0x00020e2a                TEMP_IRQHandler
                0x00020e2a                QDEC_IRQHandler
                0x00020e2a                TIMER3_IRQHandler
                0x00020e2a                FPU_IRQHandler
                0x00020e2a                SPIM0_SPIS0_TWIM0_TWIS0_SPI0_TWI0_IRQHandler
                0x00020e2a                PDM_IRQHandler
                0x00020e2a                TIMER4_IRQHandler
                0x00020e2a                I2S_IRQHandler
                0x00020e2a                SWI4_EGU4_IRQHandler
                0x00020e2a                TIMER0_IRQHandler
                0x00020e2a                RTC0_IRQHandler
                0x00020e2a                POWER_CLOCK_IRQHandler
                0x00020e2a                PWM2_IRQHandler
                0x00020e2a                ECB_IRQHandler
                0x00020e2a                SPIM1_SPIS1_TWIM1_TWIS1_SPI1_TWI1_IRQHandler
                0x00020e2a                Default_Handler
                0x00020e2a                SAADC_IRQHandler
                0x00020e2a                CCM_AAR_IRQHandler
                0x00020e2a                WDT_IRQHandler
                0x00020e2a                RADIO_IRQHandler
                0x00020e2a                SWI5_EGU5_IRQHandler
                0x00020e2a                RNG_IRQHandler
                0x00020e2a                RTC2_IRQHandler
                0x00020e2a                PWM0_IRQHandler
                0x00020e2a                SWI3_EGU3_IRQHandler
                0x00020e2a                SWI1_EGU1_IRQHandler
                0x00020e2a                SPIM2_SPIS2_SPI2_IRQHandler
                0x00020e2a                NFCT_IRQHandler
                0x00020e2a                TIMER1_IRQHandler
                0x00020e2a                MWU_IRQHandler
                0x00020e2a                PWM1_IRQHandler
                0x00020e2a                TIMER2_IRQHandler
                0x00020e2a                COMP_LPCOMP_IRQHandler
 .text.memcpy   0x00020e2c       0x16 c:/program files (x86)/gnu tools arm embedded/4.9 2015q3/bin/../lib/gcc/arm-none-eabi/4.9.3/../../../../arm-none-eabi/lib/armv7e-m/fpu\libc_nano.a(lib_a-memcpy.o)
                0x00020e2c                memcpy
 .text.strcpy   0x00020e42       0x10 c:/program files (x86)/gnu tools arm embedded/4.9 2015q3/bin/../lib/gcc/arm-none-eabi/4.9.3/../../../../arm-none-eabi/lib/armv7e-m/fpu\libc_nano.a(lib_a-strcpy.o)
                0x00020e42                strcpy
 .text.strlen   0x00020e52       0x10 c:/program files (x86)/gnu tools arm embedded/4.9 2015q3/bin/../lib/gcc/arm-none-eabi/4.9.3/../../../../arm-none-eabi/lib/armv7e-m/fpu\libc_nano.a(lib_a-strlen.o)
                0x00020e52                strlen
 *(.init)
 *fill*         0x00020e62        0x2 
 .init          0x00020e64        0x4 c:/program files (x86)/gnu tools arm embedded/4.9 2015q3/bin/../lib/gcc/arm-none-eabi/4.9.3/armv7e-m/fpu/crti.o
                0x00020e64                _init
 .init          0x00020e68        0x8 c:/program files (x86)/gnu tools arm embedded/4.9 2015q3/bin/../lib/gcc/arm-none-eabi/4.9.3/armv7e-m/fpu/crtn.o
 *(.fini)
 .fini          0x00020e70        0x4 c:/program files (x86)/gnu tools arm embedded/4.9 2015q3/bin/../lib/gcc/arm-none-eabi/4.9.3/armv7e-m/fpu/crti.o
                0x00020e70                _fini
 .fini          0x00020e74        0x8 c:/program files (x86)/gnu tools arm embedded/4.9 2015q3/bin/../lib/gcc/arm-none-eabi/4.9.3/armv7e-m/fpu/crtn.o
 *crtbegin.o(.ctors)
 *crtbegin?.o(.ctors)
 *(EXCLUDE_FILE(*crtend.o *crtend?.o) .ctors)
 *(SORT(.ctors.*))
 *(.ctors)
 *crtbegin.o(.dtors)
 *crtbegin?.o(.dtors)
 *(EXCLUDE_FILE(*crtend.o *crtend?.o) .dtors)
 *(SORT(.dtors.*))
 *(.dtors)
 *(.rodata*)
 .rodata.str1.1
                0x00020e7c        0x2 c:/program files (x86)/gnu tools arm embedded/4.9 2015q3/bin/../lib/gcc/arm-none-eabi/4.9.3/../../../../arm-none-eabi/lib/armv7e-m/fpu\libc_nano.a(lib_a-impure.o)
 *fill*         0x00020e7e        0x2 
 .rodata._global_impure_ptr
                0x00020e80        0x4 c:/program files (x86)/gnu tools arm embedded/4.9 2015q3/bin/../lib/gcc/arm-none-eabi/4.9.3/../../../../arm-none-eabi/lib/armv7e-m/fpu\libc_nano.a(lib_a-impure.o)
                0x00020e80                _global_impure_ptr
 .rodata.m_detection_delay_timer_id
                0x00020e84        0x4 _build/app_button.o
 .rodata.str1.4
                0x00020e88        0xe _build/nrf_log.o
 *fill*         0x00020e96        0x2 
 .rodata.str1.4
                0x00020e98       0x17 _build/SEGGER_RTT.o
 *fill*         0x00020eaf        0x1 
 .rodata._aV2C.4323
                0x00020eb0       0x10 _build/SEGGER_RTT_printf.o
 .rodata.m_button_timer_id
                0x00020ec0        0x4 _build/bsp.o
 .rodata.m_leds_timer_id
                0x00020ec4        0x4 _build/bsp.o
 .rodata.app_buttons
                0x00020ec8        0x8 _build/bsp.o
 .rodata.m_alert_timer_id
                0x00020ed0        0x4 _build/bsp.o
 .rodata        0x00020ed4        0x8 _build/main.o
 .rodata.str1.4
                0x00020edc      0x6d6 _build/main.o
                                0x6e2 (size before relaxing)
 *fill*         0x000215b2        0x2 
 .rodata        0x000215b4       0x20 _build/ble_fat.o
 .rodata.str1.4
                0x000215d4       0x65 _build/ble_fat.o
 *fill*         0x00021639        0x3 
 .rodata.m_conn_params_timer_id
                0x0002163c        0x4 _build/ble_conn_params.o
 .rodata.str1.4
                0x00021640      0x100 _build/softdevice_handler.o
 *(.eh_frame*)
 .eh_frame      0x00021740        0x0 c:/program files (x86)/gnu tools arm embedded/4.9 2015q3/bin/../lib/gcc/arm-none-eabi/4.9.3/armv7e-m/fpu/crtbegin.o
 .eh_frame      0x00021740        0x4 c:/program files (x86)/gnu tools arm embedded/4.9 2015q3/bin/../lib/gcc/arm-none-eabi/4.9.3/armv7e-m/fpu/crtend.o

.glue_7         0x00021744        0x0
 .glue_7        0x00000000        0x0 linker stubs

.glue_7t        0x00021744        0x0
 .glue_7t       0x00000000        0x0 linker stubs

.vfp11_veneer   0x00021744        0x0
 .vfp11_veneer  0x00000000        0x0 linker stubs

.v4_bx          0x00021744        0x0
 .v4_bx         0x00000000        0x0 linker stubs

.iplt           0x00021744        0x0
 .iplt          0x00000000        0x0 c:/program files (x86)/gnu tools arm embedded/4.9 2015q3/bin/../lib/gcc/arm-none-eabi/4.9.3/armv7e-m/fpu/crtbegin.o

.ARM.extab
 *(.ARM.extab* .gnu.linkonce.armextab.*)
                0x00021744                __exidx_start = .

.ARM.exidx      0x00021744        0x8
 *(.ARM.exidx* .gnu.linkonce.armexidx.*)
 .ARM.exidx     0x00021744        0x8 c:/program files (x86)/gnu tools arm embedded/4.9 2015q3/bin/../lib/gcc/arm-none-eabi/4.9.3/../../../../arm-none-eabi/lib/armv7e-m/fpu/crt0.o
                0x0002174c                __exidx_end = .
                0x0002174c                __etext = .

.rel.dyn        0x0002174c        0x0
 .rel.iplt      0x00000000        0x0 c:/program files (x86)/gnu tools arm embedded/4.9 2015q3/bin/../lib/gcc/arm-none-eabi/4.9.3/armv7e-m/fpu/crtbegin.o

.data           0x20001ff8       0x88 load address 0x0002174c
                0x20001ff8                __data_start__ = .
 *(vtable)
 *(.data*)
 .data.impure_data
                0x20001ff8       0x60 c:/program files (x86)/gnu tools arm embedded/4.9 2015q3/bin/../lib/gcc/arm-none-eabi/4.9.3/../../../../arm-none-eabi/lib/armv7e-m/fpu\libc_nano.a(lib_a-impure.o)
 .data.eddystone_url_data
                0x20002058       0x12 _build/main.o
 .data.m_conn_handle
                0x2000206a        0x2 _build/main.o
 .data.SystemCoreClock
                0x2000206c        0x4 _build/system_nrf52.o
                0x2000206c                SystemCoreClock
 .data.current_slave_link_conn_handle.7744
                0x20002070        0x2 _build/ble_advertising.o
                0x20002074                . = ALIGN (0x4)
 *fill*         0x20002072        0x2 
                0x20002074                PROVIDE (__preinit_array_start, .)
 *(.preinit_array)
                0x20002074                PROVIDE (__preinit_array_end, .)
                0x20002074                . = ALIGN (0x4)
                0x20002074                PROVIDE (__init_array_start, .)
 *(SORT(.init_array.*))
 *(.init_array)
 .init_array    0x20002074        0x4 c:/program files (x86)/gnu tools arm embedded/4.9 2015q3/bin/../lib/gcc/arm-none-eabi/4.9.3/armv7e-m/fpu/crtbegin.o
                0x20002078                PROVIDE (__init_array_end, .)
                0x20002078                . = ALIGN (0x4)
                0x20002078                PROVIDE (__fini_array_start, .)
 *(SORT(.fini_array.*))
 *(.fini_array)
 .fini_array    0x20002078        0x4 c:/program files (x86)/gnu tools arm embedded/4.9 2015q3/bin/../lib/gcc/arm-none-eabi/4.9.3/armv7e-m/fpu/crtbegin.o
                0x2000207c                PROVIDE (__fini_array_end, .)
 *(.jcr*)
 .jcr           0x2000207c        0x0 c:/program files (x86)/gnu tools arm embedded/4.9 2015q3/bin/../lib/gcc/arm-none-eabi/4.9.3/armv7e-m/fpu/crtbegin.o
 .jcr           0x2000207c        0x4 c:/program files (x86)/gnu tools arm embedded/4.9 2015q3/bin/../lib/gcc/arm-none-eabi/4.9.3/armv7e-m/fpu/crtend.o
                0x20002080                . = ALIGN (0x4)
                0x20002080                __data_end__ = .
LOAD c:/program files (x86)/gnu tools arm embedded/4.9 2015q3/bin/../lib/gcc/arm-none-eabi/4.9.3/armv7e-m/fpu/crti.o
LOAD c:/program files (x86)/gnu tools arm embedded/4.9 2015q3/bin/../lib/gcc/arm-none-eabi/4.9.3/armv7e-m/fpu/crtbegin.o
LOAD c:/program files (x86)/gnu tools arm embedded/4.9 2015q3/bin/../lib/gcc/arm-none-eabi/4.9.3/../../../../arm-none-eabi/lib/armv7e-m/fpu/crt0.o
LOAD c:/program files (x86)/gnu tools arm embedded/4.9 2015q3/bin/../lib/gcc/arm-none-eabi/4.9.3/../../../../arm-none-eabi/lib/armv7e-m/fpu\libc_nano.a
LOAD c:/program files (x86)/gnu tools arm embedded/4.9 2015q3/bin/../lib/gcc/arm-none-eabi/4.9.3/../../../../arm-none-eabi/lib/armv7e-m/fpu\libnosys.a
LOAD _build/app_button.o
LOAD _build/app_error.o
LOAD _build/app_error_weak.o
LOAD _build/app_timer.o
LOAD _build/app_util_platform.o
LOAD _build/nrf_assert.o
LOAD _build/nrf_log.o
LOAD _build/retarget.o
LOAD _build/RTT_Syscalls_GCC.o
LOAD _build/SEGGER_RTT.o
LOAD _build/SEGGER_RTT_printf.o
LOAD _build/app_uart.o
LOAD _build/nrf_delay.o
LOAD _build/nrf_drv_common.o
LOAD _build/nrf_drv_gpiote.o
LOAD _build/nrf_drv_uart.o
LOAD _build/bsp.o
LOAD _build/main.o
LOAD _build/ble_fat.o
LOAD _build/ble_advdata.o
LOAD _build/ble_conn_params.o
LOAD _build/ble_srv_common.o
LOAD _build/system_nrf52.o
LOAD _build/softdevice_handler.o
LOAD _build/ble_advertising.o
LOAD _build/pstorage.o
LOAD _build/fstorage.o
LOAD _build/gcc_startup_nrf52.o
LOAD c:/program files (x86)/gnu tools arm embedded/4.9 2015q3/bin/../lib/gcc/arm-none-eabi/4.9.3/../../../../arm-none-eabi/lib/armv7e-m/fpu\libm.a
START GROUP
LOAD c:/program files (x86)/gnu tools arm embedded/4.9 2015q3/bin/../lib/gcc/arm-none-eabi/4.9.3/armv7e-m/fpu\libgcc.a
LOAD c:/program files (x86)/gnu tools arm embedded/4.9 2015q3/bin/../lib/gcc/arm-none-eabi/4.9.3/../../../../arm-none-eabi/lib/armv7e-m/fpu\libc_nano.a
END GROUP
START GROUP
LOAD c:/program files (x86)/gnu tools arm embedded/4.9 2015q3/bin/../lib/gcc/arm-none-eabi/4.9.3/armv7e-m/fpu\libgcc.a
LOAD c:/program files (x86)/gnu tools arm embedded/4.9 2015q3/bin/../lib/gcc/arm-none-eabi/4.9.3/../../../../arm-none-eabi/lib/armv7e-m/fpu\libc_nano.a
END GROUP
LOAD c:/program files (x86)/gnu tools arm embedded/4.9 2015q3/bin/../lib/gcc/arm-none-eabi/4.9.3/armv7e-m/fpu/crtend.o
LOAD c:/program files (x86)/gnu tools arm embedded/4.9 2015q3/bin/../lib/gcc/arm-none-eabi/4.9.3/armv7e-m/fpu/crtn.o
START GROUP
LOAD c:/program files (x86)/gnu tools arm embedded/4.9 2015q3/bin/../lib/gcc/arm-none-eabi/4.9.3/armv7e-m/fpu\libgcc.a
LOAD c:/program files (x86)/gnu tools arm embedded/4.9 2015q3/bin/../lib/gcc/arm-none-eabi/4.9.3/../../../../arm-none-eabi/lib/armv7e-m/fpu\libc.a
LOAD c:/program files (x86)/gnu tools arm embedded/4.9 2015q3/bin/../lib/gcc/arm-none-eabi/4.9.3/../../../../arm-none-eabi/lib/armv7e-m/fpu\libnosys.a
END GROUP

.igot.plt       0x20002080        0x0 load address 0x000217d4
 .igot.plt      0x00000000        0x0 c:/program files (x86)/gnu tools arm embedded/4.9 2015q3/bin/../lib/gcc/arm-none-eabi/4.9.3/armv7e-m/fpu/crtbegin.o

.fs_data        0x20002080        0x0
                0x20002080                PROVIDE (__start_fs_data, .)
 *(.fs_data)
                0x20002080                PROVIDE (__stop_fs_data, .)

.bss            0x20002080      0xe70 load address 0x000217d4
                0x20002080                . = ALIGN (0x4)
                0x20002080                __bss_start__ = .
 *(.bss*)
 .bss           0x20002080       0x1c c:/program files (x86)/gnu tools arm embedded/4.9 2015q3/bin/../lib/gcc/arm-none-eabi/4.9.3/armv7e-m/fpu/crtbegin.o
 .bss.m_detection_delay
                0x2000209c        0x4 _build/app_button.o
 .bss.mp_buttons
                0x200020a0        0x4 _build/app_button.o
 .bss.m_button_count
                0x200020a4        0x1 _build/app_button.o
 *fill*         0x200020a5        0x3 
 .bss.m_detection_delay_timer_id_data
                0x200020a8       0x20 _build/app_button.o
 .bss.m_pin_state
                0x200020c8        0x4 _build/app_button.o
 .bss.m_pin_transition
                0x200020cc        0x4 _build/app_button.o
 .bss.m_ticks_latest
                0x200020d0        0x4 _build/app_timer.o
 .bss.mp_timer_id_head
                0x200020d4        0x4 _build/app_timer.o
 .bss.m_evt_schedule_func
                0x200020d8        0x4 _build/app_timer.o
 .bss.m_user_array_size
                0x200020dc        0x1 _build/app_timer.o
 *fill*         0x200020dd        0x3 
 .bss.mp_users  0x200020e0        0x4 _build/app_timer.o
 .bss.m_ticks_elapsed_q_read_ind
                0x200020e4        0x1 _build/app_timer.o
 .bss.m_ticks_elapsed_q_write_ind
                0x200020e5        0x1 _build/app_timer.o
 .bss.m_rtc1_reset
                0x200020e6        0x1 _build/app_timer.o
 *fill*         0x200020e7        0x1 
 .bss.m_ticks_elapsed
                0x200020e8        0x8 _build/app_timer.o
 .bss.m_rtc1_running
                0x200020f0        0x1 _build/app_timer.o
 *fill*         0x200020f1        0x3 
 .bss.buf_down  0x200020f4       0x10 _build/nrf_log.o
 .bss.buf_normal_up
                0x20002104      0x400 _build/nrf_log.o
 .bss.initialized.6985
                0x20002504        0x1 _build/nrf_log.o
 *fill*         0x20002505        0x3 
 .bss._acDownBuffer
                0x20002508       0x10 _build/SEGGER_RTT.o
 .bss._acUpBuffer
                0x20002518      0x400 _build/SEGGER_RTT.o
 .bss.m_cb      0x20002918       0x58 _build/nrf_drv_gpiote.o
 .bss.m_cb      0x20002970       0x20 _build/nrf_drv_uart.o
 .bss.m_leds_timer_id_data
                0x20002990       0x20 _build/bsp.o
 .bss.m_alert_mask
                0x200029b0        0x4 _build/bsp.o
 .bss.release_event_at_push.7198
                0x200029b4        0x1 _build/bsp.o
 *fill*         0x200029b5        0x3 
 .bss.m_indication_type
                0x200029b8        0x4 _build/bsp.o
 .bss.m_app_ticks_per_100ms
                0x200029bc        0x4 _build/bsp.o
 .bss.m_registered_callback
                0x200029c0        0x4 _build/bsp.o
 .bss.m_button_timer_id_data
                0x200029c4       0x20 _build/bsp.o
 .bss.m_stable_state
                0x200029e4        0x1 _build/bsp.o
 *fill*         0x200029e5        0x3 
 .bss.m_alert_timer_id_data
                0x200029e8       0x20 _build/bsp.o
 .bss.current_long_push_pin_no.7197
                0x20002a08        0x1 _build/bsp.o
 *fill*         0x20002a09        0x3 
 .bss.m_events_list
                0x20002a0c        0x3 _build/bsp.o
 *fill*         0x20002a0f        0x1 
 .bss.m_ble_fat
                0x20002a10       0x18 _build/main.o
 .bss.m_last_data_pos
                0x20002a28        0x2 _build/main.o
 *fill*         0x20002a2a        0x2 
 .bss.BLE_EVT_BUFFER.9522
                0x20002a2c       0x48 _build/main.o
 .bss.APP_TIMER_BUF.9538
                0x20002a74      0x1c8 _build/main.o
 .bss.m_adv_params
                0x20002c3c       0x18 _build/main.o
 .bss.m_change_param
                0x20002c54        0x1 _build/ble_conn_params.o
 *fill*         0x20002c55        0x3 
 .bss.m_current_conn_params
                0x20002c58        0x8 _build/ble_conn_params.o
 .bss.m_update_count
                0x20002c60        0x1 _build/ble_conn_params.o
 *fill*         0x20002c61        0x3 
 .bss.m_conn_params_config
                0x20002c64       0x1c _build/ble_conn_params.o
 .bss.m_conn_params_timer_id_data
                0x20002c80       0x20 _build/ble_conn_params.o
 .bss.m_conn_handle
                0x20002ca0        0x2 _build/ble_conn_params.o
 *fill*         0x20002ca2        0x2 
 .bss.m_preferred_conn_params
                0x20002ca4        0x8 _build/ble_conn_params.o
 .bss.m_softdevice_enabled
                0x20002cac        0x1 _build/softdevice_handler.o
 *fill*         0x20002cad        0x1 
 .bss.m_ble_evt_buffer_size
                0x20002cae        0x2 _build/softdevice_handler.o
 .bss.mp_ble_evt_buffer
                0x20002cb0        0x4 _build/softdevice_handler.o
 .bss.m_sys_evt_handler
                0x20002cb4        0x4 _build/softdevice_handler.o
 .bss.m_ble_evt_handler
                0x20002cb8        0x4 _build/softdevice_handler.o
 .bss.m_evt_schedule_func
                0x20002cbc        0x4 _build/softdevice_handler.o
 .bss.m_advdata
                0x20002cc0       0x38 _build/ble_advertising.o
 .bss.m_evt_handler
                0x20002cf8        0x4 _build/ble_advertising.o
 .bss.m_advertising_start_pending
                0x20002cfc        0x1 _build/ble_advertising.o
 .bss.m_whitelist_temporarily_disabled
                0x20002cfd        0x1 _build/ble_advertising.o
 *fill*         0x20002cfe        0x2 
 .bss.m_error_handler
                0x20002d00        0x4 _build/ble_advertising.o
 .bss.m_peer_address
                0x20002d04        0x7 _build/ble_advertising.o
 *fill*         0x20002d0b        0x1 
 .bss.m_adv_modes_config
                0x20002d0c       0x24 _build/ble_advertising.o
 .bss.m_whitelist
                0x20002d30       0x10 _build/ble_advertising.o
 .bss.m_whitelist_reply_expected
                0x20002d40        0x1 _build/ble_advertising.o
 .bss.m_adv_mode_current
                0x20002d41        0x1 _build/ble_advertising.o
 .bss.m_peer_addr_reply_expected
                0x20002d42        0x1 _build/ble_advertising.o
 .bss.m_adv_evt
                0x20002d43        0x1 _build/ble_advertising.o
 .bss.m_cmd_queue
                0x20002d44       0xcc _build/pstorage.o
 .bss.m_flags   0x20002e10        0x4 _build/pstorage.o
 .bss.m_queue   0x20002e14       0x58 _build/fstorage.o
 *(COMMON)
 COMMON         0x20002e6c       0x78 _build/SEGGER_RTT.o
                0x20002e6c                _SEGGER_RTT
 COMMON         0x20002ee4        0xc _build/softdevice_handler.o
                0x20002ee4                nrf_nvic_state
                0x20002ef0                . = ALIGN (0x4)
                0x20002ef0                __bss_end__ = .

.heap           0x20002ef0     0x2000
                0x20002ef0                __end__ = .
                0x20002ef0                PROVIDE (end, .)
 *(.heap*)
 .heap          0x20002ef0     0x2000 _build/gcc_startup_nrf52.o
                0x20002ef0                __HeapBase
                0x20004ef0                __HeapLimit = .

.stack_dummy    0x20002ef0     0x2000
 *(.stack*)
 .stack         0x20002ef0     0x2000 _build/gcc_startup_nrf52.o
                0x20010000                __StackTop = (ORIGIN (RAM) + 0xe008)
                0x2000e000                __StackLimit = (__StackTop - SIZEOF (.stack_dummy))
                0x20010000                PROVIDE (__stack, __StackTop)
                0x00000001                ASSERT ((__StackLimit >= __HeapLimit), region RAM overflowed with stack)
OUTPUT(_build/nrf52832_xxaa_s132.out elf32-littlearm)

.ARM.attributes
                0x00000000       0x30
 .ARM.attributes
                0x00000000       0x22 c:/program files (x86)/gnu tools arm embedded/4.9 2015q3/bin/../lib/gcc/arm-none-eabi/4.9.3/armv7e-m/fpu/crti.o
 .ARM.attributes
                0x00000022       0x34 c:/program files (x86)/gnu tools arm embedded/4.9 2015q3/bin/../lib/gcc/arm-none-eabi/4.9.3/armv7e-m/fpu/crtbegin.o
 .ARM.attributes
                0x00000056       0x20 c:/program files (x86)/gnu tools arm embedded/4.9 2015q3/bin/../lib/gcc/arm-none-eabi/4.9.3/../../../../arm-none-eabi/lib/armv7e-m/fpu/crt0.o
 .ARM.attributes
                0x00000076       0x34 c:/program files (x86)/gnu tools arm embedded/4.9 2015q3/bin/../lib/gcc/arm-none-eabi/4.9.3/../../../../arm-none-eabi/lib/armv7e-m/fpu\libc_nano.a(lib_a-exit.o)
 .ARM.attributes
                0x000000aa       0x34 c:/program files (x86)/gnu tools arm embedded/4.9 2015q3/bin/../lib/gcc/arm-none-eabi/4.9.3/../../../../arm-none-eabi/lib/armv7e-m/fpu\libc_nano.a(lib_a-impure.o)
 .ARM.attributes
                0x000000de       0x34 c:/program files (x86)/gnu tools arm embedded/4.9 2015q3/bin/../lib/gcc/arm-none-eabi/4.9.3/../../../../arm-none-eabi/lib/armv7e-m/fpu\libc_nano.a(lib_a-init.o)
 .ARM.attributes
                0x00000112       0x34 c:/program files (x86)/gnu tools arm embedded/4.9 2015q3/bin/../lib/gcc/arm-none-eabi/4.9.3/../../../../arm-none-eabi/lib/armv7e-m/fpu\libc_nano.a(lib_a-memset.o)
 .ARM.attributes
                0x00000146       0x34 c:/program files (x86)/gnu tools arm embedded/4.9 2015q3/bin/../lib/gcc/arm-none-eabi/4.9.3/../../../../arm-none-eabi/lib/armv7e-m/fpu\libnosys.a(_exit.o)
 .ARM.attributes
                0x0000017a       0x39 _build/app_button.o
 .ARM.attributes
                0x000001b3       0x39 _build/app_error.o
 .ARM.attributes
                0x000001ec       0x39 _build/app_error_weak.o
 .ARM.attributes
                0x00000225       0x39 _build/app_timer.o
 .ARM.attributes
                0x0000025e       0x39 _build/nrf_log.o
 .ARM.attributes
                0x00000297       0x39 _build/SEGGER_RTT.o
 .ARM.attributes
                0x000002d0       0x39 _build/SEGGER_RTT_printf.o
 .ARM.attributes
                0x00000309       0x39 _build/nrf_drv_common.o
 .ARM.attributes
                0x00000342       0x39 _build/nrf_drv_gpiote.o
 .ARM.attributes
                0x0000037b       0x39 _build/nrf_drv_uart.o
 .ARM.attributes
                0x000003b4       0x39 _build/bsp.o
 .ARM.attributes
                0x000003ed       0x39 _build/main.o
 .ARM.attributes
                0x00000426       0x39 _build/ble_fat.o
 .ARM.attributes
                0x0000045f       0x39 _build/ble_advdata.o
 .ARM.attributes
                0x00000498       0x39 _build/ble_conn_params.o
 .ARM.attributes
                0x000004d1       0x39 _build/system_nrf52.o
 .ARM.attributes
                0x0000050a       0x39 _build/softdevice_handler.o
 .ARM.attributes
                0x00000543       0x39 _build/ble_advertising.o
 .ARM.attributes
                0x0000057c       0x39 _build/pstorage.o
 .ARM.attributes
                0x000005b5       0x39 _build/fstorage.o
 .ARM.attributes
                0x000005ee       0x1c _build/gcc_startup_nrf52.o
 .ARM.attributes
                0x0000060a       0x34 c:/program files (x86)/gnu tools arm embedded/4.9 2015q3/bin/../lib/gcc/arm-none-eabi/4.9.3/../../../../arm-none-eabi/lib/armv7e-m/fpu\libc_nano.a(lib_a-memcpy.o)
 .ARM.attributes
                0x0000063e       0x34 c:/program files (x86)/gnu tools arm embedded/4.9 2015q3/bin/../lib/gcc/arm-none-eabi/4.9.3/../../../../arm-none-eabi/lib/armv7e-m/fpu\libc_nano.a(lib_a-strcpy.o)
 .ARM.attributes
                0x00000672       0x34 c:/program files (x86)/gnu tools arm embedded/4.9 2015q3/bin/../lib/gcc/arm-none-eabi/4.9.3/../../../../arm-none-eabi/lib/armv7e-m/fpu\libc_nano.a(lib_a-strlen.o)
 .ARM.attributes
                0x000006a6       0x34 c:/program files (x86)/gnu tools arm embedded/4.9 2015q3/bin/../lib/gcc/arm-none-eabi/4.9.3/armv7e-m/fpu/crtend.o
 .ARM.attributes
                0x000006da       0x22 c:/program files (x86)/gnu tools arm embedded/4.9 2015q3/bin/../lib/gcc/arm-none-eabi/4.9.3/armv7e-m/fpu/crtn.o

.comment        0x00000000       0x70
 .comment       0x00000000       0x70 _build/app_button.o
                                 0x71 (size before relaxing)
 .comment       0x00000000       0x71 _build/app_error.o
 .comment       0x00000000       0x71 _build/app_error_weak.o
 .comment       0x00000000       0x71 _build/app_timer.o
 .comment       0x00000000       0x71 _build/nrf_log.o
 .comment       0x00000000       0x71 _build/SEGGER_RTT.o
 .comment       0x00000000       0x71 _build/SEGGER_RTT_printf.o
 .comment       0x00000000       0x71 _build/nrf_drv_common.o
 .comment       0x00000000       0x71 _build/nrf_drv_gpiote.o
 .comment       0x00000000       0x71 _build/nrf_drv_uart.o
 .comment       0x00000000       0x71 _build/bsp.o
 .comment       0x00000000       0x71 _build/main.o
 .comment       0x00000000       0x71 _build/ble_fat.o
 .comment       0x00000000       0x71 _build/ble_advdata.o
 .comment       0x00000000       0x71 _build/ble_conn_params.o
 .comment       0x00000000       0x71 _build/system_nrf52.o
 .comment       0x00000000       0x71 _build/softdevice_handler.o
 .comment       0x00000000       0x71 _build/ble_advertising.o
 .comment       0x00000000       0x71 _build/pstorage.o
 .comment       0x00000000       0x71 _build/fstorage.o

.debug_frame    0x00000000     0x1c84
 .debug_frame   0x00000000       0x28 c:/program files (x86)/gnu tools arm embedded/4.9 2015q3/bin/../lib/gcc/arm-none-eabi/4.9.3/../../../../arm-none-eabi/lib/armv7e-m/fpu\libc_nano.a(lib_a-exit.o)
 .debug_frame   0x00000028       0x2c c:/program files (x86)/gnu tools arm embedded/4.9 2015q3/bin/../lib/gcc/arm-none-eabi/4.9.3/../../../../arm-none-eabi/lib/armv7e-m/fpu\libc_nano.a(lib_a-init.o)
 .debug_frame   0x00000054       0x20 c:/program files (x86)/gnu tools arm embedded/4.9 2015q3/bin/../lib/gcc/arm-none-eabi/4.9.3/../../../../arm-none-eabi/lib/armv7e-m/fpu\libc_nano.a(lib_a-memset.o)
 .debug_frame   0x00000074       0x20 c:/program files (x86)/gnu tools arm embedded/4.9 2015q3/bin/../lib/gcc/arm-none-eabi/4.9.3/../../../../arm-none-eabi/lib/armv7e-m/fpu\libnosys.a(_exit.o)
 .debug_frame   0x00000094       0xe4 _build/app_button.o
 .debug_frame   0x00000178       0x70 _build/app_error.o
 .debug_frame   0x000001e8       0x20 _build/app_error_weak.o
 .debug_frame   0x00000208      0x170 _build/app_timer.o
 .debug_frame   0x00000378      0x15c _build/nrf_log.o
 .debug_frame   0x000004d4      0x2dc _build/SEGGER_RTT.o
 .debug_frame   0x000007b0       0xa0 _build/SEGGER_RTT_printf.o
 .debug_frame   0x00000850       0x2c _build/nrf_drv_common.o
 .debug_frame   0x0000087c      0x210 _build/nrf_drv_gpiote.o
 .debug_frame   0x00000a8c      0x158 _build/nrf_drv_uart.o
 .debug_frame   0x00000be4      0x230 _build/bsp.o
 .debug_frame   0x00000e14      0x104 _build/main.o
 .debug_frame   0x00000f18       0x7c _build/ble_fat.o
 .debug_frame   0x00000f94      0x124 _build/ble_advdata.o
 .debug_frame   0x000010b8      0x13c _build/ble_conn_params.o
 .debug_frame   0x000011f4       0x40 _build/system_nrf52.o
 .debug_frame   0x00001234      0x1a8 _build/softdevice_handler.o
 .debug_frame   0x000013dc      0x14c _build/ble_advertising.o
 .debug_frame   0x00001528      0x5c0 _build/pstorage.o
 .debug_frame   0x00001ae8      0x134 _build/fstorage.o
 .debug_frame   0x00001c1c       0x28 c:/program files (x86)/gnu tools arm embedded/4.9 2015q3/bin/../lib/gcc/arm-none-eabi/4.9.3/../../../../arm-none-eabi/lib/armv7e-m/fpu\libc_nano.a(lib_a-memcpy.o)
 .debug_frame   0x00001c44       0x20 c:/program files (x86)/gnu tools arm embedded/4.9 2015q3/bin/../lib/gcc/arm-none-eabi/4.9.3/../../../../arm-none-eabi/lib/armv7e-m/fpu\libc_nano.a(lib_a-strcpy.o)
 .debug_frame   0x00001c64       0x20 c:/program files (x86)/gnu tools arm embedded/4.9 2015q3/bin/../lib/gcc/arm-none-eabi/4.9.3/../../../../arm-none-eabi/lib/armv7e-m/fpu\libc_nano.a(lib_a-strlen.o)

.debug_info     0x00000000    0x1f315
 .debug_info    0x00000000      0x6d1 _build/app_button.o
 .debug_info    0x000006d1      0x35b _build/app_error.o
 .debug_info    0x00000a2c      0x315 _build/app_error_weak.o
 .debug_info    0x00000d41     0x1d2f _build/app_timer.o
 .debug_info    0x00002a70      0x59e _build/nrf_log.o
 .debug_info    0x0000300e     0x20fe _build/SEGGER_RTT.o
 .debug_info    0x0000510c      0x7d5 _build/SEGGER_RTT_printf.o
 .debug_info    0x000058e1      0x602 _build/nrf_drv_common.o
 .debug_info    0x00005ee3     0x20e5 _build/nrf_drv_gpiote.o
 .debug_info    0x00007fc8     0x38eb _build/nrf_drv_uart.o
 .debug_info    0x0000b8b3     0x10bb _build/bsp.o
 .debug_info    0x0000c96e     0x3641 _build/main.o
 .debug_info    0x0000ffaf     0x1bd2 _build/ble_fat.o
 .debug_info    0x00011b81     0x1caf _build/ble_advdata.o
 .debug_info    0x00013830     0x1c6b _build/ble_conn_params.o
 .debug_info    0x0001549b      0xdc1 _build/system_nrf52.o
 .debug_info    0x0001625c     0x2710 _build/softdevice_handler.o
 .debug_info    0x0001896c     0x219c _build/ble_advertising.o
 .debug_info    0x0001ab08     0x360d _build/pstorage.o
 .debug_info    0x0001e115     0x1200 _build/fstorage.o

.debug_abbrev   0x00000000     0x4172
 .debug_abbrev  0x00000000      0x21e _build/app_button.o
 .debug_abbrev  0x0000021e      0x141 _build/app_error.o
 .debug_abbrev  0x0000035f      0x128 _build/app_error_weak.o
 .debug_abbrev  0x00000487      0x41f _build/app_timer.o
 .debug_abbrev  0x000008a6      0x244 _build/nrf_log.o
 .debug_abbrev  0x00000aea      0x2ee _build/SEGGER_RTT.o
 .debug_abbrev  0x00000dd8      0x275 _build/SEGGER_RTT_printf.o
 .debug_abbrev  0x0000104d      0x1a2 _build/nrf_drv_common.o
 .debug_abbrev  0x000011ef      0x488 _build/nrf_drv_gpiote.o
 .debug_abbrev  0x00001677      0x40d _build/nrf_drv_uart.o
 .debug_abbrev  0x00001a84      0x3f9 _build/bsp.o
 .debug_abbrev  0x00001e7d      0x461 _build/main.o
 .debug_abbrev  0x000022de      0x334 _build/ble_fat.o
 .debug_abbrev  0x00002612      0x36d _build/ble_advdata.o
 .debug_abbrev  0x0000297f      0x445 _build/ble_conn_params.o
 .debug_abbrev  0x00002dc4      0x1d3 _build/system_nrf52.o
 .debug_abbrev  0x00002f97      0x571 _build/softdevice_handler.o
 .debug_abbrev  0x00003508      0x443 _build/ble_advertising.o
 .debug_abbrev  0x0000394b      0x43e _build/pstorage.o
 .debug_abbrev  0x00003d89      0x3e9 _build/fstorage.o

.debug_loc      0x00000000    0x134ff
 .debug_loc     0x00000000      0x3d7 _build/app_button.o
 .debug_loc     0x000003d7      0x145 _build/app_error.o
 .debug_loc     0x0000051c       0x42 _build/app_error_weak.o
 .debug_loc     0x0000055e     0x10b9 _build/app_timer.o
 .debug_loc     0x00001617      0x1ea _build/nrf_log.o
 .debug_loc     0x00001801     0x3d63 _build/SEGGER_RTT.o
 .debug_loc     0x00005564     0x1051 _build/SEGGER_RTT_printf.o
 .debug_loc     0x000065b5       0xd6 _build/nrf_drv_common.o
 .debug_loc     0x0000668b     0x1c11 _build/nrf_drv_gpiote.o
 .debug_loc     0x0000829c     0x21ec _build/nrf_drv_uart.o
 .debug_loc     0x0000a488     0x1621 _build/bsp.o
 .debug_loc     0x0000baa9      0x461 _build/main.o
 .debug_loc     0x0000bf0a      0x248 _build/ble_fat.o
 .debug_loc     0x0000c152     0x1d3f _build/ble_advdata.o
 .debug_loc     0x0000de91      0x3b8 _build/ble_conn_params.o
 .debug_loc     0x0000e249      0x503 _build/softdevice_handler.o
 .debug_loc     0x0000e74c      0x5eb _build/ble_advertising.o
 .debug_loc     0x0000ed37     0x3ec4 _build/pstorage.o
 .debug_loc     0x00012bfb      0x904 _build/fstorage.o

.debug_aranges  0x00000000      0x7e0
 .debug_aranges
                0x00000000       0x48 _build/app_button.o
 .debug_aranges
                0x00000048       0x30 _build/app_error.o
 .debug_aranges
                0x00000078       0x20 _build/app_error_weak.o
 .debug_aranges
                0x00000098       0x68 _build/app_timer.o
 .debug_aranges
                0x00000100       0x60 _build/nrf_log.o
 .debug_aranges
                0x00000160       0xa0 _build/SEGGER_RTT.o
 .debug_aranges
                0x00000200       0x30 _build/SEGGER_RTT_printf.o
 .debug_aranges
                0x00000230       0x20 _build/nrf_drv_common.o
 .debug_aranges
                0x00000250       0xb8 _build/nrf_drv_gpiote.o
 .debug_aranges
                0x00000308       0x70 _build/nrf_drv_uart.o
 .debug_aranges
                0x00000378       0x80 _build/bsp.o
 .debug_aranges
                0x000003f8       0x68 _build/main.o
 .debug_aranges
                0x00000460       0x40 _build/ble_fat.o
 .debug_aranges
                0x000004a0       0x60 _build/ble_advdata.o
 .debug_aranges
                0x00000500       0x68 _build/ble_conn_params.o
 .debug_aranges
                0x00000568       0x28 _build/system_nrf52.o
 .debug_aranges
                0x00000590       0xa0 _build/softdevice_handler.o
 .debug_aranges
                0x00000630       0x60 _build/ble_advertising.o
 .debug_aranges
                0x00000690       0xf0 _build/pstorage.o
 .debug_aranges
                0x00000780       0x60 _build/fstorage.o

.debug_ranges   0x00000000     0x4410
 .debug_ranges  0x00000000       0xa0 _build/app_button.o
 .debug_ranges  0x000000a0       0x20 _build/app_error.o
 .debug_ranges  0x000000c0       0x10 _build/app_error_weak.o
 .debug_ranges  0x000000d0      0x5e0 _build/app_timer.o
 .debug_ranges  0x000006b0       0x50 _build/nrf_log.o
 .debug_ranges  0x00000700      0x490 _build/SEGGER_RTT.o
 .debug_ranges  0x00000b90      0x218 _build/SEGGER_RTT_printf.o
 .debug_ranges  0x00000da8       0x30 _build/nrf_drv_common.o
 .debug_ranges  0x00000dd8      0x940 _build/nrf_drv_gpiote.o
 .debug_ranges  0x00001718      0xab8 _build/nrf_drv_uart.o
 .debug_ranges  0x000021d0      0x2b0 _build/bsp.o
 .debug_ranges  0x00002480      0x140 _build/main.o
 .debug_ranges  0x000025c0       0x30 _build/ble_fat.o
 .debug_ranges  0x000025f0      0x320 _build/ble_advdata.o
 .debug_ranges  0x00002910       0xd0 _build/ble_conn_params.o
 .debug_ranges  0x000029e0       0xf0 _build/system_nrf52.o
 .debug_ranges  0x00002ad0      0x1c8 _build/softdevice_handler.o
 .debug_ranges  0x00002c98      0x138 _build/ble_advertising.o
 .debug_ranges  0x00002dd0     0x1480 _build/pstorage.o
 .debug_ranges  0x00004250      0x1c0 _build/fstorage.o

.debug_macro    0x00000000    0x19c14
 .debug_macro   0x00000000      0x2c4 _build/app_button.o
 .debug_macro   0x000002c4      0x90a _build/app_button.o
 .debug_macro   0x00000bce       0x22 _build/app_button.o
 .debug_macro   0x00000bf0       0x44 _build/app_button.o
 .debug_macro   0x00000c34       0xe3 _build/app_button.o
 .debug_macro   0x00000d17       0x22 _build/app_button.o
 .debug_macro   0x00000d39      0x1df _build/app_button.o
 .debug_macro   0x00000f18       0x22 _build/app_button.o
 .debug_macro   0x00000f3a       0x1c _build/app_button.o
 .debug_macro   0x00000f56       0x2d _build/app_button.o
 .debug_macro   0x00000f83       0x3b _build/app_button.o
 .debug_macro   0x00000fbe       0x50 _build/app_button.o
 .debug_macro   0x0000100e      0xe66 _build/app_button.o
 .debug_macro   0x00001e74      0x3a0 _build/app_button.o
 .debug_macro   0x00002214    0x10245 _build/app_button.o
 .debug_macro   0x00012459     0x12c7 _build/app_button.o
 .debug_macro   0x00013720       0x7c _build/app_button.o
 .debug_macro   0x0001379c       0x1c _build/app_button.o
 .debug_macro   0x000137b8       0x58 _build/app_button.o
 .debug_macro   0x00013810       0x35 _build/app_button.o
 .debug_macro   0x00013845       0x9c _build/app_button.o
 .debug_macro   0x000138e1       0x16 _build/app_button.o
 .debug_macro   0x000138f7       0x97 _build/app_button.o
 .debug_macro   0x0001398e      0x29d _build/app_button.o
 .debug_macro   0x00013c2b       0xef _build/app_button.o
 .debug_macro   0x00013d1a       0x10 _build/app_button.o
 .debug_macro   0x00013d2a       0x52 _build/app_button.o
 .debug_macro   0x00013d7c       0x16 _build/app_button.o
 .debug_macro   0x00013d92       0x43 _build/app_button.o
 .debug_macro   0x00013dd5      0x180 _build/app_button.o
 .debug_macro   0x00013f55       0x10 _build/app_button.o
 .debug_macro   0x00013f65       0x22 _build/app_button.o
 .debug_macro   0x00013f87       0xbe _build/app_button.o
 .debug_macro   0x00014045       0x16 _build/app_button.o
 .debug_macro   0x0001405b      0x197 _build/app_button.o
 .debug_macro   0x000141f2       0x9a _build/app_button.o
 .debug_macro   0x0001428c       0x70 _build/app_button.o
 .debug_macro   0x000142fc      0x11e _build/app_button.o
 .debug_macro   0x0001441a       0x52 _build/app_button.o
 .debug_macro   0x0001446c       0x67 _build/app_button.o
 .debug_macro   0x000144d3       0xf9 _build/app_button.o
 .debug_macro   0x000145cc       0x2b _build/app_button.o
 .debug_macro   0x000145f7       0x10 _build/app_button.o
 .debug_macro   0x00014607       0x1c _build/app_button.o
 .debug_macro   0x00014623       0x47 _build/app_button.o
 .debug_macro   0x0001466a       0x11 _build/app_button.o
 .debug_macro   0x0001467b      0x198 _build/app_button.o
 .debug_macro   0x00014813       0x2e _build/app_button.o
 .debug_macro   0x00014841       0x16 _build/app_button.o
 .debug_macro   0x00014857       0x35 _build/app_button.o
 .debug_macro   0x0001488c       0x22 _build/app_button.o
 .debug_macro   0x000148ae       0x37 _build/app_button.o
 .debug_macro   0x000148e5      0x228 _build/app_error.o
 .debug_macro   0x00014b0d       0x35 _build/app_error.o
 .debug_macro   0x00014b42      0x222 _build/app_error_weak.o
 .debug_macro   0x00014d64      0x34c _build/app_timer.o
 .debug_macro   0x000150b0       0x41 _build/app_timer.o
 .debug_macro   0x000150f1       0x16 _build/app_timer.o
 .debug_macro   0x00015107       0x16 _build/app_timer.o
 .debug_macro   0x0001511d       0x29 _build/app_timer.o
 .debug_macro   0x00015146       0x16 _build/app_timer.o
 .debug_macro   0x0001515c       0x40 _build/app_timer.o
 .debug_macro   0x0001519c       0x64 _build/app_timer.o
 .debug_macro   0x00015200       0x2e _build/app_timer.o
 .debug_macro   0x0001522e       0x60 _build/app_timer.o
 .debug_macro   0x0001528e       0x16 _build/app_timer.o
 .debug_macro   0x000152a4      0x221 _build/nrf_log.o
 .debug_macro   0x000154c5       0x58 _build/nrf_log.o
 .debug_macro   0x0001551d      0x166 _build/nrf_log.o
 .debug_macro   0x00015683       0x10 _build/nrf_log.o
 .debug_macro   0x00015693       0x1c _build/nrf_log.o
 .debug_macro   0x000156af       0x3a _build/nrf_log.o
 .debug_macro   0x000156e9      0x114 _build/nrf_log.o
 .debug_macro   0x000157fd      0x102 _build/SEGGER_RTT.o
 .debug_macro   0x000158ff      0x11b _build/SEGGER_RTT_printf.o
 .debug_macro   0x00015a1a      0x2a5 _build/nrf_drv_common.o
 .debug_macro   0x00015cbf      0x2f5 _build/nrf_drv_gpiote.o
 .debug_macro   0x00015fb4       0x10 _build/nrf_drv_gpiote.o
 .debug_macro   0x00015fc4      0x308 _build/nrf_drv_uart.o
 .debug_macro   0x000162cc      0x2e3 _build/bsp.o
 .debug_macro   0x000165af       0x88 _build/bsp.o
 .debug_macro   0x00016637       0x22 _build/bsp.o
 .debug_macro   0x00016659       0x5e _build/bsp.o
 .debug_macro   0x000166b7      0x468 _build/main.o
 .debug_macro   0x00016b1f       0xd6 _build/main.o
 .debug_macro   0x00016bf5      0x1fb _build/main.o
 .debug_macro   0x00016df0      0x3f4 _build/main.o
 .debug_macro   0x000171e4       0x3a _build/main.o
 .debug_macro   0x0001721e       0x22 _build/main.o
 .debug_macro   0x00017240      0x201 _build/main.o
 .debug_macro   0x00017441       0x1c _build/main.o
 .debug_macro   0x0001745d       0xdb _build/main.o
 .debug_macro   0x00017538       0x24 _build/main.o
 .debug_macro   0x0001755c       0xb8 _build/main.o
 .debug_macro   0x00017614       0x40 _build/main.o
 .debug_macro   0x00017654      0x2ca _build/main.o
 .debug_macro   0x0001791e       0x46 _build/main.o
 .debug_macro   0x00017964       0x1c _build/main.o
 .debug_macro   0x00017980       0x8e _build/main.o
 .debug_macro   0x00017a0e       0x76 _build/main.o
 .debug_macro   0x00017a84       0x16 _build/main.o
 .debug_macro   0x00017a9a       0x10 _build/main.o
 .debug_macro   0x00017aaa      0x401 _build/main.o
 .debug_macro   0x00017eab       0x22 _build/main.o
 .debug_macro   0x00017ecd       0x22 _build/main.o
 .debug_macro   0x00017eef       0x22 _build/main.o
 .debug_macro   0x00017f11       0x34 _build/main.o
 .debug_macro   0x00017f45      0x25a _build/ble_fat.o
 .debug_macro   0x0001819f      0x1f5 _build/ble_fat.o
 .debug_macro   0x00018394      0x280 _build/ble_advdata.o
 .debug_macro   0x00018614      0x307 _build/ble_conn_params.o
 .debug_macro   0x0001891b       0xa6 _build/ble_conn_params.o
 .debug_macro   0x000189c1       0xe6 _build/system_nrf52.o
 .debug_macro   0x00018aa7      0x3da _build/softdevice_handler.o
 .debug_macro   0x00018e81       0x10 _build/softdevice_handler.o
 .debug_macro   0x00018e91      0x3fa _build/softdevice_handler.o
 .debug_macro   0x0001928b       0x40 _build/softdevice_handler.o
 .debug_macro   0x000192cb       0x10 _build/softdevice_handler.o
 .debug_macro   0x000192db      0x2ce _build/ble_advertising.o
 .debug_macro   0x000195a9       0x46 _build/ble_advertising.o
 .debug_macro   0x000195ef       0x1c _build/ble_advertising.o
 .debug_macro   0x0001960b       0x52 _build/ble_advertising.o
 .debug_macro   0x0001965d      0x32a _build/pstorage.o
 .debug_macro   0x00019987       0x40 _build/pstorage.o
 .debug_macro   0x000199c7      0x1ea _build/fstorage.o
 .debug_macro   0x00019bb1       0x1c _build/fstorage.o
 .debug_macro   0x00019bcd       0x47 _build/fstorage.o

.debug_line     0x00000000     0xbfb8
 .debug_line    0x00000000      0x821 _build/app_button.o
 .debug_line    0x00000821      0x551 _build/app_error.o
 .debug_line    0x00000d72      0x518 _build/app_error_weak.o
 .debug_line    0x0000128a      0xba4 _build/app_timer.o
 .debug_line    0x00001e2e      0x64b _build/nrf_log.o
 .debug_line    0x00002479      0xc1d _build/SEGGER_RTT.o
 .debug_line    0x00003096      0x507 _build/SEGGER_RTT_printf.o
 .debug_line    0x0000359d      0x69e _build/nrf_drv_common.o
 .debug_line    0x00003c3b      0xf17 _build/nrf_drv_gpiote.o
 .debug_line    0x00004b52      0xfcd _build/nrf_drv_uart.o
 .debug_line    0x00005b1f      0xadf _build/bsp.o
 .debug_line    0x000065fe      0xb5e _build/main.o
 .debug_line    0x0000715c      0x6d2 _build/ble_fat.o
 .debug_line    0x0000782e      0xa56 _build/ble_advdata.o
 .debug_line    0x00008284      0x7e9 _build/ble_conn_params.o
 .debug_line    0x00008a6d      0x47c _build/system_nrf52.o
 .debug_line    0x00008ee9      0x9fc _build/softdevice_handler.o
 .debug_line    0x000098e5      0xa41 _build/ble_advertising.o
 .debug_line    0x0000a326     0x1475 _build/pstorage.o
 .debug_line    0x0000b79b      0x81d _build/fstorage.o

.debug_str      0x00000000    0x86b5c
 .debug_str     0x00000000    0x7192f _build/app_button.o
                              0x724c8 (size before relaxing)
 .debug_str     0x0007192f      0x134 _build/app_error.o
                              0x70f08 (size before relaxing)
 .debug_str     0x00071a63       0xc4 _build/app_error_weak.o
                              0x70e82 (size before relaxing)
 .debug_str     0x00071b27     0x181c _build/app_timer.o
                              0x72f1c (size before relaxing)
 .debug_str     0x00073343      0x8e8 _build/nrf_log.o
                              0x70d1b (size before relaxing)
 .debug_str     0x00073c2b      0x3c8 _build/SEGGER_RTT.o
                               0x5891 (size before relaxing)
 .debug_str     0x00073ff3      0x192 _build/SEGGER_RTT_printf.o
                               0x5881 (size before relaxing)
 .debug_str     0x00074185       0x9f _build/nrf_drv_common.o
                              0x7226a (size before relaxing)
 .debug_str     0x00074224      0xecf _build/nrf_drv_gpiote.o
                              0x7387b (size before relaxing)
 .debug_str     0x000750f3     0x1589 _build/nrf_drv_uart.o
                              0x73c27 (size before relaxing)
 .debug_str     0x0007667c     0x136e _build/bsp.o
                              0x72729 (size before relaxing)
 .debug_str     0x000779ea     0xb6d4 _build/main.o
                              0x7e879 (size before relaxing)
 .debug_str     0x000830be      0x3eb _build/ble_fat.o
                              0x75b53 (size before relaxing)
 .debug_str     0x000834a9      0x3ac _build/ble_advdata.o
                              0x75a6d (size before relaxing)
 .debug_str     0x00083855      0x691 _build/ble_conn_params.o
                              0x77abf (size before relaxing)
 .debug_str     0x00083ee6      0x38f _build/system_nrf52.o
                              0x6c6f9 (size before relaxing)
 .debug_str     0x00084275      0x558 _build/softdevice_handler.o
                              0x7b154 (size before relaxing)
 .debug_str     0x000847cd      0xf20 _build/ble_advertising.o
                              0x77062 (size before relaxing)
 .debug_str     0x000856ed      0xf6f _build/pstorage.o
                              0x72ede (size before relaxing)
 .debug_str     0x0008665c      0x500 _build/fstorage.o
                              0x703a0 (size before relaxing)
