Archive member included because of file (symbol)

c:/program files (x86)/gnu tools arm embedded/4.9 2015q3/bin/../lib/gcc/arm-none-eabi/4.9.3/../../../../arm-none-eabi/lib/armv7e-m/fpu\libc_nano.a(lib_a-exit.o)
                              c:/program files (x86)/gnu tools arm embedded/4.9 2015q3/bin/../lib/gcc/arm-none-eabi/4.9.3/../../../../arm-none-eabi/lib/armv7e-m/fpu/crt0.o (exit)
c:/program files (x86)/gnu tools arm embedded/4.9 2015q3/bin/../lib/gcc/arm-none-eabi/4.9.3/../../../../arm-none-eabi/lib/armv7e-m/fpu\libc_nano.a(lib_a-impure.o)
                              c:/program files (x86)/gnu tools arm embedded/4.9 2015q3/bin/../lib/gcc/arm-none-eabi/4.9.3/../../../../arm-none-eabi/lib/armv7e-m/fpu\libc_nano.a(lib_a-exit.o) (_global_impure_ptr)
c:/program files (x86)/gnu tools arm embedded/4.9 2015q3/bin/../lib/gcc/arm-none-eabi/4.9.3/../../../../arm-none-eabi/lib/armv7e-m/fpu\libc_nano.a(lib_a-init.o)
                              c:/program files (x86)/gnu tools arm embedded/4.9 2015q3/bin/../lib/gcc/arm-none-eabi/4.9.3/../../../../arm-none-eabi/lib/armv7e-m/fpu/crt0.o (__libc_init_array)
c:/program files (x86)/gnu tools arm embedded/4.9 2015q3/bin/../lib/gcc/arm-none-eabi/4.9.3/../../../../arm-none-eabi/lib/armv7e-m/fpu\libc_nano.a(lib_a-memset.o)
                              c:/program files (x86)/gnu tools arm embedded/4.9 2015q3/bin/../lib/gcc/arm-none-eabi/4.9.3/../../../../arm-none-eabi/lib/armv7e-m/fpu/crt0.o (memset)
c:/program files (x86)/gnu tools arm embedded/4.9 2015q3/bin/../lib/gcc/arm-none-eabi/4.9.3/../../../../arm-none-eabi/lib/armv7e-m/fpu\libnosys.a(_exit.o)
                              c:/program files (x86)/gnu tools arm embedded/4.9 2015q3/bin/../lib/gcc/arm-none-eabi/4.9.3/../../../../arm-none-eabi/lib/armv7e-m/fpu\libc_nano.a(lib_a-exit.o) (_exit)
c:/program files (x86)/gnu tools arm embedded/4.9 2015q3/bin/../lib/gcc/arm-none-eabi/4.9.3/../../../../arm-none-eabi/lib/armv7e-m/fpu\libc_nano.a(lib_a-memcpy.o)
                              _build/SEGGER_RTT.o (memcpy)
c:/program files (x86)/gnu tools arm embedded/4.9 2015q3/bin/../lib/gcc/arm-none-eabi/4.9.3/../../../../arm-none-eabi/lib/armv7e-m/fpu\libc_nano.a(lib_a-strcpy.o)
                              _build/SEGGER_RTT.o (strcpy)
c:/program files (x86)/gnu tools arm embedded/4.9 2015q3/bin/../lib/gcc/arm-none-eabi/4.9.3/../../../../arm-none-eabi/lib/armv7e-m/fpu\libc_nano.a(lib_a-strlen.o)
                              _build/SEGGER_RTT.o (strlen)

Allocating common symbols
Common symbol       size              file

nrf_nvic_state      0xc               _build/softdevice_handler.o
_SEGGER_RTT         0x78              _build/SEGGER_RTT.o

Discarded input sections

 .text          0x00000000        0x0 c:/program files (x86)/gnu tools arm embedded/4.9 2015q3/bin/../lib/gcc/arm-none-eabi/4.9.3/armv7e-m/fpu/crti.o
 .data          0x00000000        0x0 c:/program files (x86)/gnu tools arm embedded/4.9 2015q3/bin/../lib/gcc/arm-none-eabi/4.9.3/armv7e-m/fpu/crti.o
 .bss           0x00000000        0x0 c:/program files (x86)/gnu tools arm embedded/4.9 2015q3/bin/../lib/gcc/arm-none-eabi/4.9.3/armv7e-m/fpu/crti.o
 .data          0x00000000        0x4 c:/program files (x86)/gnu tools arm embedded/4.9 2015q3/bin/../lib/gcc/arm-none-eabi/4.9.3/armv7e-m/fpu/crtbegin.o
 .data          0x00000000        0x0 c:/program files (x86)/gnu tools arm embedded/4.9 2015q3/bin/../lib/gcc/arm-none-eabi/4.9.3/../../../../arm-none-eabi/lib/armv7e-m/fpu/crt0.o
 .bss           0x00000000        0x0 c:/program files (x86)/gnu tools arm embedded/4.9 2015q3/bin/../lib/gcc/arm-none-eabi/4.9.3/../../../../arm-none-eabi/lib/armv7e-m/fpu/crt0.o
 .ARM.extab     0x00000000        0x0 c:/program files (x86)/gnu tools arm embedded/4.9 2015q3/bin/../lib/gcc/arm-none-eabi/4.9.3/../../../../arm-none-eabi/lib/armv7e-m/fpu/crt0.o
 .text          0x00000000        0x0 c:/program files (x86)/gnu tools arm embedded/4.9 2015q3/bin/../lib/gcc/arm-none-eabi/4.9.3/../../../../arm-none-eabi/lib/armv7e-m/fpu\libc_nano.a(lib_a-exit.o)
 .data          0x00000000        0x0 c:/program files (x86)/gnu tools arm embedded/4.9 2015q3/bin/../lib/gcc/arm-none-eabi/4.9.3/../../../../arm-none-eabi/lib/armv7e-m/fpu\libc_nano.a(lib_a-exit.o)
 .bss           0x00000000        0x0 c:/program files (x86)/gnu tools arm embedded/4.9 2015q3/bin/../lib/gcc/arm-none-eabi/4.9.3/../../../../arm-none-eabi/lib/armv7e-m/fpu\libc_nano.a(lib_a-exit.o)
 .text          0x00000000        0x0 c:/program files (x86)/gnu tools arm embedded/4.9 2015q3/bin/../lib/gcc/arm-none-eabi/4.9.3/../../../../arm-none-eabi/lib/armv7e-m/fpu\libc_nano.a(lib_a-impure.o)
 .data          0x00000000        0x0 c:/program files (x86)/gnu tools arm embedded/4.9 2015q3/bin/../lib/gcc/arm-none-eabi/4.9.3/../../../../arm-none-eabi/lib/armv7e-m/fpu\libc_nano.a(lib_a-impure.o)
[...]
Memory Configuration

Name             Origin             Length             Attributes
FLASH            0x0001c000         0x00064000         xr
RAM              0x20001ff8         0x0000e008         xrw
*default*        0x00000000         0xffffffff

Linker script and memory map


.text           0x0001c000     0x7340
 *(.isr_vector)
 .isr_vector    0x0001c000      0x400 _build/gcc_startup_nrf52.o
                0x0001c000                __isr_vector
 *(.text*)
 .text          0x0001c400       0x5c c:/program files (x86)/gnu tools arm embedded/4.9 2015q3/bin/../lib/gcc/arm-none-eabi/4.9.3/armv7e-m/fpu/crtbegin.o
 .text          0x0001c45c       0x74 c:/program files (x86)/gnu tools arm embedded/4.9 2015q3/bin/../lib/gcc/arm-none-eabi/4.9.3/../../../../arm-none-eabi/lib/armv7e-m/fpu/crt0.o
                0x0001c45c                _start
                0x0001c45c                _mainCRTStartup
 .text.exit     0x0001c4d0       0x28 c:/program files (x86)/gnu tools arm embedded/4.9 2015q3/bin/../lib/gcc/arm-none-eabi/4.9.3/../../../../arm-none-eabi/lib/armv7e-m/fpu\libc_nano.a(lib_a-exit.o)
                0x0001c4d0                exit
 .text.__libc_init_array
                0x0001c4f8       0x4c c:/program files (x86)/gnu tools arm embedded/4.9 2015q3/bin/../lib/gcc/arm-none-eabi/4.9.3/../../../../arm-none-eabi/lib/armv7e-m/fpu\libc_nano.a(lib_a-init.o)
                0x0001c4f8                __libc_init_array
 .text.memset   0x0001c544       0x10 c:/program files (x86)/gnu tools arm embedded/4.9 2015q3/bin/../lib/gcc/arm-none-eabi/4.9.3/../../../../arm-none-eabi/lib/armv7e-m/fpu\libc_nano.a(lib_a-memset.o)
                0x0001c544                memset
 .text._exit    0x0001c554        0x4 c:/program files (x86)/gnu tools arm embedded/4.9 2015q3/bin/../lib/gcc/arm-none-eabi/4.9.3/../../../../arm-none-eabi/lib/armv7e-m/fpu\libnosys.a(_exit.o)
                0x0001c554                _exit
 .text.detection_delay_timeout_handler
                0x0001c558       0xa4 _build/app_button.o
 .text.gpiote_event_handler
                0x0001c5fc       0x5c _build/app_button.o
 .text.app_button_init
                0x0001c658       0xb0 _build/app_button.o
                0x0001c658                app_button_init
 .text.app_button_enable
                0x0001c708       0x2c _build/app_button.o
                0x0001c708                app_button_enable
 .text.app_error_handler_bare
                0x0001c734       0x20 _build/app_error.o
                0x0001c734                app_error_handler_bare
 .text.app_error_fault_handler
                0x0001c754       0x24 _build/app_error_weak.o
                0x0001c754                app_error_fault_handler
 .text.rtc1_stop
                0x0001c778      0x134 _build/app_timer.o
 .text.RTC1_IRQHandler
                0x0001c8ac       0xc4 _build/app_timer.o
                0x0001c8ac                RTC1_IRQHandler
 .text.SWI0_EGU0_IRQHandler
                0x0001c970      0x4c4 _build/app_timer.o
                0x0001c970                SWI0_EGU0_IRQHandler
 .text.app_timer_init
                0x0001ce34       0xdc _build/app_timer.o
                0x0001ce34                app_timer_init
 .text.app_timer_create
                0x0001cf10       0x24 _build/app_timer.o
                0x0001cf10                app_timer_create
 .text.app_timer_start
                0x0001cf34       0xd4 _build/app_timer.o
                0x0001cf34                app_timer_start
 .text.app_timer_stop
                0x0001d008       0xa8 _build/app_timer.o
                0x0001d008                app_timer_stop
 .text.log_rtt_init
                0x0001d0b0       0x50 _build/nrf_log.o
                0x0001d0b0                log_rtt_init
 .text.log_rtt_printf
                0x0001d100       0x20 _build/nrf_log.o
                0x0001d100                log_rtt_printf
 .text.SEGGER_RTT_Write
                0x0001d120      0x200 _build/SEGGER_RTT.o
                0x0001d120                SEGGER_RTT_Write
 .text.SEGGER_RTT_WriteString
                0x0001d320      0x208 _build/SEGGER_RTT.o
                0x0001d320                SEGGER_RTT_WriteString
 .text.SEGGER_RTT_ConfigUpBuffer
                0x0001d528       0xd8 _build/SEGGER_RTT.o
                0x0001d528                SEGGER_RTT_ConfigUpBuffer
 .text.SEGGER_RTT_ConfigDownBuffer
                0x0001d600       0xcc _build/SEGGER_RTT.o
                0x0001d600                SEGGER_RTT_ConfigDownBuffer
 .text._PrintUnsigned
                0x0001d6cc      0x1a0 _build/SEGGER_RTT_printf.o
 .text.SEGGER_RTT_vprintf
                0x0001d86c      0x4bc _build/SEGGER_RTT_printf.o
                0x0001d86c                SEGGER_RTT_vprintf
 .text.SEGGER_RTT_printf
                0x0001dd28       0x20 _build/SEGGER_RTT_printf.o
                0x0001dd28                SEGGER_RTT_printf
 .text.nrf_drv_common_irq_enable
                0x0001dd48       0x50 _build/nrf_drv_common.o
                0x0001dd48                nrf_drv_common_irq_enable
 .text.nrf_drv_gpiote_init
                0x0001dd98       0x70 _build/nrf_drv_gpiote.o
                0x0001dd98                nrf_drv_gpiote_init
 .text.nrf_drv_gpiote_is_init
                0x0001de08       0x14 _build/nrf_drv_gpiote.o
                0x0001de08                nrf_drv_gpiote_is_init
 .text.nrf_drv_gpiote_in_init
                0x0001de1c      0x194 _build/nrf_drv_gpiote.o
                0x0001de1c                nrf_drv_gpiote_in_init
 .text.nrf_drv_gpiote_in_event_enable
                0x0001dfb0       0xc4 _build/nrf_drv_gpiote.o
                0x0001dfb0                nrf_drv_gpiote_in_event_enable
 .text.nrf_drv_gpiote_in_is_set
                0x0001e074       0x14 _build/nrf_drv_gpiote.o
                0x0001e074                nrf_drv_gpiote_in_is_set
 .text.GPIOTE_IRQHandler
                0x0001e088      0x3d0 _build/nrf_drv_gpiote.o
                0x0001e088                GPIOTE_IRQHandler
 .text.UARTE0_UART0_IRQHandler
                0x0001e458      0x2c0 _build/nrf_drv_uart.o
                0x0001e458                UARTE0_UART0_IRQHandler
 .text.alert_timer_handler
                0x0001e718       0x1c _build/bsp.o
 .text.bsp_button_event_handler
                0x0001e734       0xc4 _build/bsp.o
 .text.leds_timer_handler
                0x0001e7f8      0x3b4 _build/bsp.o
 .text.button_timer_handler
                0x0001ebac       0x44 _build/bsp.o
 .text.bsp_indication_set
                0x0001ebf0      0x404 _build/bsp.o
                0x0001ebf0                bsp_indication_set
 .text.bsp_init
                0x0001eff4       0xbc _build/bsp.o
                0x0001eff4                bsp_init
 .text.sd_ble_gap_adv_start
                0x0001f0b0        0x4 _build/main.o
 .text.sd_ble_gap_appearance_set
                0x0001f0b4        0x4 _build/main.o
 .text.sd_ble_gap_ppcp_set
                0x0001f0b8        0x4 _build/main.o
 .text.sd_ble_gap_device_name_set
                0x0001f0bc        0x4 _build/main.o
 .text.sd_ble_gatts_value_get
                0x0001f0c0        0x4 _build/main.o
 .text.sd_ble_gatts_rw_authorize_reply
                0x0001f0c4        0x4 _build/main.o
 .text.sd_app_evt_wait
                0x0001f0c8        0x4 _build/main.o
 .text.fat_read_evt_handler
                0x0001f0cc      0x114 _build/main.o
 .text.sys_evt_dispatch
                0x0001f1e0       0x1c _build/main.o
 .text.ble_evt_dispatch
                0x0001f1fc       0xc8 _build/main.o
 .text.startup.main
                0x0001f2c4      0x288 _build/main.o
                0x0001f2c4                main
 .text.sd_ble_gatts_service_add
                0x0001f54c        0x4 _build/ble_fat.o
 .text.sd_ble_gatts_characteristic_add
                0x0001f550        0x4 _build/ble_fat.o
 .text.sd_ble_uuid_vs_add
                0x0001f554        0x4 _build/ble_fat.o
 .text.ble_fat_on_ble_evt
                0x0001f558       0x30 _build/ble_fat.o
                0x0001f558                ble_fat_on_ble_evt
 .text.ble_fat_init
                0x0001f588      0x198 _build/ble_fat.o
                0x0001f588                ble_fat_init
 .text.sd_ble_gap_address_get
                0x0001f720        0x4 _build/ble_advdata.o
 .text.sd_ble_gap_adv_data_set
                0x0001f724        0x4 _build/ble_advdata.o
 .text.sd_ble_gap_appearance_get
                0x0001f728        0x4 _build/ble_advdata.o
 .text.sd_ble_gap_device_name_get
                0x0001f72c        0x4 _build/ble_advdata.o
 .text.sd_ble_uuid_encode
                0x0001f730        0x4 _build/ble_advdata.o
 .text.name_encode
                0x0001f734       0x90 _build/ble_advdata.o
 .text.uuid_list_sized_encode
                0x0001f7c4       0xc0 _build/ble_advdata.o
 .text.adv_data_encode
                0x0001f884      0x554 _build/ble_advdata.o
                0x0001f884                adv_data_encode
 .text.ble_advdata_set
                0x0001fdd8      0x5b8 _build/ble_advdata.o
                0x0001fdd8                ble_advdata_set
 .text.sd_ble_gap_conn_param_update
                0x00020390        0x4 _build/ble_conn_params.o
 .text.sd_ble_gap_disconnect
                0x00020394        0x4 _build/ble_conn_params.o
 .text.sd_ble_gap_ppcp_set
                0x00020398        0x4 _build/ble_conn_params.o
 .text.sd_ble_gap_ppcp_get
                0x0002039c        0x4 _build/ble_conn_params.o
 .text.update_timeout_handler
                0x000203a0       0x74 _build/ble_conn_params.o
 .text.conn_params_negotiation
                0x00020414       0x94 _build/ble_conn_params.o
 .text.ble_conn_params_init
                0x000204a8       0x74 _build/ble_conn_params.o
                0x000204a8                ble_conn_params_init
 .text.ble_conn_params_on_ble_evt
                0x0002051c       0xb4 _build/ble_conn_params.o
                0x0002051c                ble_conn_params_on_ble_evt
 .text.SystemInit
                0x000205d0      0x2b0 _build/system_nrf52.o
                0x000205d0                SystemInit
 .text.sd_evt_get
                0x00020880        0x4 _build/softdevice_handler.o
 .text.sd_softdevice_enable
                0x00020884        0x4 _build/softdevice_handler.o
 .text.sd_ble_enable
                0x00020888        0x4 _build/softdevice_handler.o
 .text.sd_ble_evt_get
                0x0002088c        0x4 _build/softdevice_handler.o
 .text.softdevice_fault_handler
                0x00020890        0x8 _build/softdevice_handler.o
                0x00020890                softdevice_fault_handler
 .text.intern_softdevice_events_execute.part.0
                0x00020898       0xc8 _build/softdevice_handler.o
 .text.softdevice_handler_init
                0x00020960       0x88 _build/softdevice_handler.o
                0x00020960                softdevice_handler_init
 .text.softdevice_ble_evt_handler_set
                0x000209e8       0x14 _build/softdevice_handler.o
                0x000209e8                softdevice_ble_evt_handler_set
 .text.softdevice_sys_evt_handler_set
                0x000209fc       0x14 _build/softdevice_handler.o
                0x000209fc                softdevice_sys_evt_handler_set
 .text.SWI2_EGU2_IRQHandler
                0x00020a10       0x30 _build/softdevice_handler.o
                0x00020a10                SWI2_EGU2_IRQHandler
 .text.softdevice_enable_get_default_config
                0x00020a40       0x30 _build/softdevice_handler.o
                0x00020a40                softdevice_enable_get_default_config
 .text.sd_check_ram_start
                0x00020a70       0x48 _build/softdevice_handler.o
                0x00020a70                sd_check_ram_start
 .text.softdevice_enable
                0x00020ab8       0x7c _build/softdevice_handler.o
                0x00020ab8                softdevice_enable
 .text.sd_ble_gap_adv_start
                0x00020b34        0x4 _build/ble_advertising.o
 .text.ble_advertising_start
                0x00020b38      0x2b8 _build/ble_advertising.o
                0x00020b38                ble_advertising_start
 .text.ble_advertising_on_ble_evt
                0x00020df0       0xb8 _build/ble_advertising.o
                0x00020df0                ble_advertising_on_ble_evt
 .text.ble_advertising_on_sys_evt
                0x00020ea8       0x38 _build/ble_advertising.o
                0x00020ea8                ble_advertising_on_sys_evt
 .text.pstorage_access_status_get
                0x00020ee0       0x24 _build/pstorage.o
                0x00020ee0                pstorage_access_status_get
 .text.fs_queued_op_count_get
                0x00020f04       0x14 _build/fstorage.o
                0x00020f04                fs_queued_op_count_get
 .text          0x00020f18       0x3c _build/gcc_startup_nrf52.o
                0x00020f18                Reset_Handler
                0x00020f40                NMI_Handler
                0x00020f42                HardFault_Handler
                0x00020f44                MemoryManagement_Handler
                0x00020f46                BusFault_Handler
                0x00020f48                UsageFault_Handler
                0x00020f4a                SVC_Handler
                0x00020f4c                DebugMonitor_Handler
                0x00020f4e                PendSV_Handler
                0x00020f50                SysTick_Handler
                0x00020f52                TEMP_IRQHandler
                0x00020f52                QDEC_IRQHandler
                0x00020f52                TIMER3_IRQHandler
                0x00020f52                FPU_IRQHandler
                0x00020f52                SPIM0_SPIS0_TWIM0_TWIS0_SPI0_TWI0_IRQHandler
                0x00020f52                PDM_IRQHandler
                0x00020f52                TIMER4_IRQHandler
                0x00020f52                I2S_IRQHandler
                0x00020f52                SWI4_EGU4_IRQHandler
                0x00020f52                TIMER0_IRQHandler
                0x00020f52                RTC0_IRQHandler
                0x00020f52                POWER_CLOCK_IRQHandler
                0x00020f52                PWM2_IRQHandler
                0x00020f52                ECB_IRQHandler
                0x00020f52                SPIM1_SPIS1_TWIM1_TWIS1_SPI1_TWI1_IRQHandler
                0x00020f52                Default_Handler
                0x00020f52                SAADC_IRQHandler
                0x00020f52                CCM_AAR_IRQHandler
                0x00020f52                WDT_IRQHandler
                0x00020f52                RADIO_IRQHandler
                0x00020f52                SWI5_EGU5_IRQHandler
                0x00020f52                RNG_IRQHandler
                0x00020f52                RTC2_IRQHandler
                0x00020f52                PWM0_IRQHandler
                0x00020f52                SWI3_EGU3_IRQHandler
                0x00020f52                SWI1_EGU1_IRQHandler
                0x00020f52                SPIM2_SPIS2_SPI2_IRQHandler
                0x00020f52                NFCT_IRQHandler
                0x00020f52                TIMER1_IRQHandler
                0x00020f52                MWU_IRQHandler
                0x00020f52                PWM1_IRQHandler
                0x00020f52                TIMER2_IRQHandler
                0x00020f52                COMP_LPCOMP_IRQHandler
 .text.memcpy   0x00020f54       0x16 c:/program files (x86)/gnu tools arm embedded/4.9 2015q3/bin/../lib/gcc/arm-none-eabi/4.9.3/../../../../arm-none-eabi/lib/armv7e-m/fpu\libc_nano.a(lib_a-memcpy.o)
                0x00020f54                memcpy
 .text.strcpy   0x00020f6a       0x10 c:/program files (x86)/gnu tools arm embedded/4.9 2015q3/bin/../lib/gcc/arm-none-eabi/4.9.3/../../../../arm-none-eabi/lib/armv7e-m/fpu\libc_nano.a(lib_a-strcpy.o)
                0x00020f6a                strcpy
 .text.strlen   0x00020f7a       0x10 c:/program files (x86)/gnu tools arm embedded/4.9 2015q3/bin/../lib/gcc/arm-none-eabi/4.9.3/../../../../arm-none-eabi/lib/armv7e-m/fpu\libc_nano.a(lib_a-strlen.o)
                0x00020f7a                strlen
 *(.init)
 *fill*         0x00020f8a        0x2 
 .init          0x00020f8c        0x4 c:/program files (x86)/gnu tools arm embedded/4.9 2015q3/bin/../lib/gcc/arm-none-eabi/4.9.3/armv7e-m/fpu/crti.o
                0x00020f8c                _init
 .init          0x00020f90        0x8 c:/program files (x86)/gnu tools arm embedded/4.9 2015q3/bin/../lib/gcc/arm-none-eabi/4.9.3/armv7e-m/fpu/crtn.o
 *(.fini)
 .fini          0x00020f98        0x4 c:/program files (x86)/gnu tools arm embedded/4.9 2015q3/bin/../lib/gcc/arm-none-eabi/4.9.3/armv7e-m/fpu/crti.o
                0x00020f98                _fini
 .fini          0x00020f9c        0x8 c:/program files (x86)/gnu tools arm embedded/4.9 2015q3/bin/../lib/gcc/arm-none-eabi/4.9.3/armv7e-m/fpu/crtn.o
 *crtbegin.o(.ctors)
 *crtbegin?.o(.ctors)
 *(EXCLUDE_FILE(*crtend.o *crtend?.o) .ctors)
 *(SORT(.ctors.*))
 *(.ctors)
 *crtbegin.o(.dtors)
 *crtbegin?.o(.dtors)
 *(EXCLUDE_FILE(*crtend.o *crtend?.o) .dtors)
 *(SORT(.dtors.*))
 *(.dtors)
 *(.rodata*)
 .rodata.str1.1
                0x00020fa4        0x2 c:/program files (x86)/gnu tools arm embedded/4.9 2015q3/bin/../lib/gcc/arm-none-eabi/4.9.3/../../../../arm-none-eabi/lib/armv7e-m/fpu\libc_nano.a(lib_a-impure.o)
 *fill*         0x00020fa6        0x2 
 .rodata._global_impure_ptr
                0x00020fa8        0x4 c:/program files (x86)/gnu tools arm embedded/4.9 2015q3/bin/../lib/gcc/arm-none-eabi/4.9.3/../../../../arm-none-eabi/lib/armv7e-m/fpu\libc_nano.a(lib_a-impure.o)
                0x00020fa8                _global_impure_ptr
 .rodata.m_detection_delay_timer_id
                0x00020fac        0x4 _build/app_button.o
 .rodata.str1.4
                0x00020fb0        0xe _build/nrf_log.o
 *fill*         0x00020fbe        0x2 
 .rodata.str1.4
                0x00020fc0       0x17 _build/SEGGER_RTT.o
 *fill*         0x00020fd7        0x1 
 .rodata._aV2C.4323
                0x00020fd8       0x10 _build/SEGGER_RTT_printf.o
 .rodata.m_button_timer_id
                0x00020fe8        0x4 _build/bsp.o
 .rodata.m_leds_timer_id
                0x00020fec        0x4 _build/bsp.o
 .rodata.app_buttons
                0x00020ff0       0x20 _build/bsp.o
 .rodata.m_alert_timer_id
                0x00021010        0x4 _build/bsp.o
 .rodata        0x00021014        0x8 _build/main.o
 .rodata.str1.4
                0x0002101c     0x2193 _build/main.o
                               0x219f (size before relaxing)
 *fill*         0x000231af        0x1 
 .rodata        0x000231b0       0x20 _build/ble_fat.o
 .rodata.str1.4
                0x000231d0       0x65 _build/ble_fat.o
 *fill*         0x00023235        0x3 
 .rodata.m_conn_params_timer_id
                0x00023238        0x4 _build/ble_conn_params.o
 .rodata.str1.4
                0x0002323c      0x100 _build/softdevice_handler.o
 *(.eh_frame*)
 .eh_frame      0x0002333c        0x0 c:/program files (x86)/gnu tools arm embedded/4.9 2015q3/bin/../lib/gcc/arm-none-eabi/4.9.3/armv7e-m/fpu/crtbegin.o
 .eh_frame      0x0002333c        0x4 c:/program files (x86)/gnu tools arm embedded/4.9 2015q3/bin/../lib/gcc/arm-none-eabi/4.9.3/armv7e-m/fpu/crtend.o

.glue_7         0x00023340        0x0
 .glue_7        0x00000000        0x0 linker stubs

.glue_7t        0x00023340        0x0
 .glue_7t       0x00000000        0x0 linker stubs

.vfp11_veneer   0x00023340        0x0
 .vfp11_veneer  0x00000000        0x0 linker stubs

.v4_bx          0x00023340        0x0
 .v4_bx         0x00000000        0x0 linker stubs

.iplt           0x00023340        0x0
 .iplt          0x00000000        0x0 c:/program files (x86)/gnu tools arm embedded/4.9 2015q3/bin/../lib/gcc/arm-none-eabi/4.9.3/armv7e-m/fpu/crtbegin.o

.ARM.extab
 *(.ARM.extab* .gnu.linkonce.armextab.*)
                0x00023340                __exidx_start = .

.ARM.exidx      0x00023340        0x8
 *(.ARM.exidx* .gnu.linkonce.armexidx.*)
 .ARM.exidx     0x00023340        0x8 c:/program files (x86)/gnu tools arm embedded/4.9 2015q3/bin/../lib/gcc/arm-none-eabi/4.9.3/../../../../arm-none-eabi/lib/armv7e-m/fpu/crt0.o
                0x00023348                __exidx_end = .
                0x00023348                __etext = .

.rel.dyn        0x00023348        0x0
 .rel.iplt      0x00000000        0x0 c:/program files (x86)/gnu tools arm embedded/4.9 2015q3/bin/../lib/gcc/arm-none-eabi/4.9.3/armv7e-m/fpu/crtbegin.o

.data           0x20001ff8       0x88 load address 0x00023348
                0x20001ff8                __data_start__ = .
 *(vtable)
 *(.data*)
 .data.impure_data
                0x20001ff8       0x60 c:/program files (x86)/gnu tools arm embedded/4.9 2015q3/bin/../lib/gcc/arm-none-eabi/4.9.3/../../../../arm-none-eabi/lib/armv7e-m/fpu\libc_nano.a(lib_a-impure.o)
 .data.eddystone_url_data
                0x20002058       0x12 _build/main.o
 .data.m_conn_handle
                0x2000206a        0x2 _build/main.o
 .data.SystemCoreClock
                0x2000206c        0x4 _build/system_nrf52.o
                0x2000206c                SystemCoreClock
 .data.current_slave_link_conn_handle.7744
                0x20002070        0x2 _build/ble_advertising.o
                0x20002074                . = ALIGN (0x4)
 *fill*         0x20002072        0x2 
                0x20002074                PROVIDE (__preinit_array_start, .)
 *(.preinit_array)
                0x20002074                PROVIDE (__preinit_array_end, .)
                0x20002074                . = ALIGN (0x4)
                0x20002074                PROVIDE (__init_array_start, .)
 *(SORT(.init_array.*))
 *(.init_array)
 .init_array    0x20002074        0x4 c:/program files (x86)/gnu tools arm embedded/4.9 2015q3/bin/../lib/gcc/arm-none-eabi/4.9.3/armv7e-m/fpu/crtbegin.o
                0x20002078                PROVIDE (__init_array_end, .)
                0x20002078                . = ALIGN (0x4)
                0x20002078                PROVIDE (__fini_array_start, .)
 *(SORT(.fini_array.*))
 *(.fini_array)
 .fini_array    0x20002078        0x4 c:/program files (x86)/gnu tools arm embedded/4.9 2015q3/bin/../lib/gcc/arm-none-eabi/4.9.3/armv7e-m/fpu/crtbegin.o
                0x2000207c                PROVIDE (__fini_array_end, .)
 *(.jcr*)
 .jcr           0x2000207c        0x0 c:/program files (x86)/gnu tools arm embedded/4.9 2015q3/bin/../lib/gcc/arm-none-eabi/4.9.3/armv7e-m/fpu/crtbegin.o
 .jcr           0x2000207c        0x4 c:/program files (x86)/gnu tools arm embedded/4.9 2015q3/bin/../lib/gcc/arm-none-eabi/4.9.3/armv7e-m/fpu/crtend.o
                0x20002080                . = ALIGN (0x4)
                0x20002080                __data_end__ = .
LOAD c:/program files (x86)/gnu tools arm embedded/4.9 2015q3/bin/../lib/gcc/arm-none-eabi/4.9.3/armv7e-m/fpu/crti.o
LOAD c:/program files (x86)/gnu tools arm embedded/4.9 2015q3/bin/../lib/gcc/arm-none-eabi/4.9.3/armv7e-m/fpu/crtbegin.o
LOAD c:/program files (x86)/gnu tools arm embedded/4.9 2015q3/bin/../lib/gcc/arm-none-eabi/4.9.3/../../../../arm-none-eabi/lib/armv7e-m/fpu/crt0.o
LOAD c:/program files (x86)/gnu tools arm embedded/4.9 2015q3/bin/../lib/gcc/arm-none-eabi/4.9.3/../../../../arm-none-eabi/lib/armv7e-m/fpu\libc_nano.a
LOAD c:/program files (x86)/gnu tools arm embedded/4.9 2015q3/bin/../lib/gcc/arm-none-eabi/4.9.3/../../../../arm-none-eabi/lib/armv7e-m/fpu\libnosys.a
LOAD _build/app_button.o
LOAD _build/app_error.o
LOAD _build/app_error_weak.o
LOAD _build/app_timer.o
LOAD _build/app_util_platform.o
LOAD _build/nrf_assert.o
LOAD _build/nrf_log.o
LOAD _build/retarget.o
LOAD _build/RTT_Syscalls_GCC.o
LOAD _build/SEGGER_RTT.o
LOAD _build/SEGGER_RTT_printf.o
LOAD _build/app_uart.o
LOAD _build/nrf_delay.o
LOAD _build/nrf_drv_common.o
LOAD _build/nrf_drv_gpiote.o
LOAD _build/nrf_drv_uart.o
LOAD _build/bsp.o
LOAD _build/main.o
LOAD _build/ble_fat.o
LOAD _build/ble_advdata.o
LOAD _build/ble_conn_params.o
LOAD _build/ble_srv_common.o
LOAD _build/system_nrf52.o
LOAD _build/softdevice_handler.o
LOAD _build/ble_advertising.o
LOAD _build/pstorage.o
LOAD _build/fstorage.o
LOAD _build/gcc_startup_nrf52.o
LOAD c:/program files (x86)/gnu tools arm embedded/4.9 2015q3/bin/../lib/gcc/arm-none-eabi/4.9.3/../../../../arm-none-eabi/lib/armv7e-m/fpu\libm.a
START GROUP
LOAD c:/program files (x86)/gnu tools arm embedded/4.9 2015q3/bin/../lib/gcc/arm-none-eabi/4.9.3/armv7e-m/fpu\libgcc.a
LOAD c:/program files (x86)/gnu tools arm embedded/4.9 2015q3/bin/../lib/gcc/arm-none-eabi/4.9.3/../../../../arm-none-eabi/lib/armv7e-m/fpu\libc_nano.a
END GROUP
START GROUP
LOAD c:/program files (x86)/gnu tools arm embedded/4.9 2015q3/bin/../lib/gcc/arm-none-eabi/4.9.3/armv7e-m/fpu\libgcc.a
LOAD c:/program files (x86)/gnu tools arm embedded/4.9 2015q3/bin/../lib/gcc/arm-none-eabi/4.9.3/../../../../arm-none-eabi/lib/armv7e-m/fpu\libc_nano.a
END GROUP
LOAD c:/program files (x86)/gnu tools arm embedded/4.9 2015q3/bin/../lib/gcc/arm-none-eabi/4.9.3/armv7e-m/fpu/crtend.o
LOAD c:/program files (x86)/gnu tools arm embedded/4.9 2015q3/bin/../lib/gcc/arm-none-eabi/4.9.3/armv7e-m/fpu/crtn.o
START GROUP
LOAD c:/program files (x86)/gnu tools arm embedded/4.9 2015q3/bin/../lib/gcc/arm-none-eabi/4.9.3/armv7e-m/fpu\libgcc.a
LOAD c:/program files (x86)/gnu tools arm embedded/4.9 2015q3/bin/../lib/gcc/arm-none-eabi/4.9.3/../../../../arm-none-eabi/lib/armv7e-m/fpu\libc.a
LOAD c:/program files (x86)/gnu tools arm embedded/4.9 2015q3/bin/../lib/gcc/arm-none-eabi/4.9.3/../../../../arm-none-eabi/lib/armv7e-m/fpu\libnosys.a
END GROUP

.igot.plt       0x20002080        0x0 load address 0x000233d0
 .igot.plt      0x00000000        0x0 c:/program files (x86)/gnu tools arm embedded/4.9 2015q3/bin/../lib/gcc/arm-none-eabi/4.9.3/armv7e-m/fpu/crtbegin.o

.fs_data        0x20002080        0x0
                0x20002080                PROVIDE (__start_fs_data, .)
 *(.fs_data)
                0x20002080                PROVIDE (__stop_fs_data, .)

.bss            0x20002080      0xe78 load address 0x000233d0
                0x20002080                . = ALIGN (0x4)
                0x20002080                __bss_start__ = .
 *(.bss*)
 .bss           0x20002080       0x1c c:/program files (x86)/gnu tools arm embedded/4.9 2015q3/bin/../lib/gcc/arm-none-eabi/4.9.3/armv7e-m/fpu/crtbegin.o
 .bss.m_detection_delay
                0x2000209c        0x4 _build/app_button.o
 .bss.mp_buttons
                0x200020a0        0x4 _build/app_button.o
 .bss.m_button_count
                0x200020a4        0x1 _build/app_button.o
 *fill*         0x200020a5        0x3 
 .bss.m_detection_delay_timer_id_data
                0x200020a8       0x20 _build/app_button.o
 .bss.m_pin_state
                0x200020c8        0x4 _build/app_button.o
 .bss.m_pin_transition
                0x200020cc        0x4 _build/app_button.o
 .bss.m_ticks_latest
                0x200020d0        0x4 _build/app_timer.o
 .bss.mp_timer_id_head
                0x200020d4        0x4 _build/app_timer.o
 .bss.m_evt_schedule_func
                0x200020d8        0x4 _build/app_timer.o
 .bss.m_user_array_size
                0x200020dc        0x1 _build/app_timer.o
 *fill*         0x200020dd        0x3 
 .bss.mp_users  0x200020e0        0x4 _build/app_timer.o
 .bss.m_ticks_elapsed_q_read_ind
                0x200020e4        0x1 _build/app_timer.o
 .bss.m_ticks_elapsed_q_write_ind
                0x200020e5        0x1 _build/app_timer.o
 .bss.m_rtc1_reset
                0x200020e6        0x1 _build/app_timer.o
 *fill*         0x200020e7        0x1 
 .bss.m_ticks_elapsed
                0x200020e8        0x8 _build/app_timer.o
 .bss.m_rtc1_running
                0x200020f0        0x1 _build/app_timer.o
 *fill*         0x200020f1        0x3 
 .bss.buf_down  0x200020f4       0x10 _build/nrf_log.o
 .bss.buf_normal_up
                0x20002104      0x400 _build/nrf_log.o
 .bss.initialized.6985
                0x20002504        0x1 _build/nrf_log.o
 *fill*         0x20002505        0x3 
 .bss._acDownBuffer
                0x20002508       0x10 _build/SEGGER_RTT.o
 .bss._acUpBuffer
                0x20002518      0x400 _build/SEGGER_RTT.o
 .bss.m_cb      0x20002918       0x58 _build/nrf_drv_gpiote.o
 .bss.m_cb      0x20002970       0x20 _build/nrf_drv_uart.o
 .bss.m_leds_timer_id_data
                0x20002990       0x20 _build/bsp.o
 .bss.m_alert_mask
                0x200029b0        0x4 _build/bsp.o
 .bss.release_event_at_push.7198
                0x200029b4        0x4 _build/bsp.o
 .bss.m_indication_type
                0x200029b8        0x4 _build/bsp.o
 .bss.m_app_ticks_per_100ms
                0x200029bc        0x4 _build/bsp.o
 .bss.m_registered_callback
                0x200029c0        0x4 _build/bsp.o
 .bss.m_button_timer_id_data
                0x200029c4       0x20 _build/bsp.o
 .bss.m_stable_state
                0x200029e4        0x1 _build/bsp.o
 *fill*         0x200029e5        0x3 
 .bss.m_alert_timer_id_data
                0x200029e8       0x20 _build/bsp.o
 .bss.current_long_push_pin_no.7197
                0x20002a08        0x1 _build/bsp.o
 *fill*         0x20002a09        0x3 
 .bss.m_events_list
                0x20002a0c        0xc _build/bsp.o
 .bss.m_ble_fat
                0x20002a18       0x18 _build/main.o
 .bss.m_last_data_pos
                0x20002a30        0x2 _build/main.o
 *fill*         0x20002a32        0x2 
 .bss.APP_TIMER_BUF.9541
                0x20002a34      0x1c8 _build/main.o
 .bss.BLE_EVT_BUFFER.9525
                0x20002bfc       0x48 _build/main.o
 .bss.m_adv_params
                0x20002c44       0x18 _build/main.o
 .bss.m_change_param
                0x20002c5c        0x1 _build/ble_conn_params.o
 *fill*         0x20002c5d        0x3 
 .bss.m_current_conn_params
                0x20002c60        0x8 _build/ble_conn_params.o
 .bss.m_update_count
                0x20002c68        0x1 _build/ble_conn_params.o
 *fill*         0x20002c69        0x3 
 .bss.m_conn_params_config
                0x20002c6c       0x1c _build/ble_conn_params.o
 .bss.m_conn_params_timer_id_data
                0x20002c88       0x20 _build/ble_conn_params.o
 .bss.m_conn_handle
                0x20002ca8        0x2 _build/ble_conn_params.o
 *fill*         0x20002caa        0x2 
 .bss.m_preferred_conn_params
                0x20002cac        0x8 _build/ble_conn_params.o
 .bss.m_softdevice_enabled
                0x20002cb4        0x1 _build/softdevice_handler.o
 *fill*         0x20002cb5        0x1 
 .bss.m_ble_evt_buffer_size
                0x20002cb6        0x2 _build/softdevice_handler.o
 .bss.mp_ble_evt_buffer
                0x20002cb8        0x4 _build/softdevice_handler.o
 .bss.m_sys_evt_handler
                0x20002cbc        0x4 _build/softdevice_handler.o
 .bss.m_ble_evt_handler
                0x20002cc0        0x4 _build/softdevice_handler.o
 .bss.m_evt_schedule_func
                0x20002cc4        0x4 _build/softdevice_handler.o
 .bss.m_advdata
                0x20002cc8       0x38 _build/ble_advertising.o
 .bss.m_evt_handler
                0x20002d00        0x4 _build/ble_advertising.o
 .bss.m_advertising_start_pending
                0x20002d04        0x1 _build/ble_advertising.o
 .bss.m_whitelist_temporarily_disabled
                0x20002d05        0x1 _build/ble_advertising.o
 *fill*         0x20002d06        0x2 
 .bss.m_error_handler
                0x20002d08        0x4 _build/ble_advertising.o
 .bss.m_peer_address
                0x20002d0c        0x7 _build/ble_advertising.o
 *fill*         0x20002d13        0x1 
 .bss.m_adv_modes_config
                0x20002d14       0x24 _build/ble_advertising.o
 .bss.m_whitelist
                0x20002d38       0x10 _build/ble_advertising.o
 .bss.m_whitelist_reply_expected
                0x20002d48        0x1 _build/ble_advertising.o
 .bss.m_adv_mode_current
                0x20002d49        0x1 _build/ble_advertising.o
 .bss.m_peer_addr_reply_expected
                0x20002d4a        0x1 _build/ble_advertising.o
 .bss.m_adv_evt
                0x20002d4b        0x1 _build/ble_advertising.o
 .bss.m_cmd_queue
                0x20002d4c       0xcc _build/pstorage.o
 .bss.m_flags   0x20002e18        0x4 _build/pstorage.o
 .bss.m_queue   0x20002e1c       0x58 _build/fstorage.o
 *(COMMON)
 COMMON         0x20002e74       0x78 _build/SEGGER_RTT.o
                0x20002e74                _SEGGER_RTT
 COMMON         0x20002eec        0xc _build/softdevice_handler.o
                0x20002eec                nrf_nvic_state
                0x20002ef8                . = ALIGN (0x4)
                0x20002ef8                __bss_end__ = .

.heap           0x20002ef8     0x2000
                0x20002ef8                __end__ = .
                0x20002ef8                PROVIDE (end, .)
 *(.heap*)
 .heap          0x20002ef8     0x2000 _build/gcc_startup_nrf52.o
                0x20002ef8                __HeapBase
                0x20004ef8                __HeapLimit = .

.stack_dummy    0x20002ef8     0x2000
 *(.stack*)
 .stack         0x20002ef8     0x2000 _build/gcc_startup_nrf52.o
                0x20010000                __StackTop = (ORIGIN (RAM) + 0xe008)
                0x2000e000                __StackLimit = (__StackTop - SIZEOF (.stack_dummy))
                0x20010000                PROVIDE (__stack, __StackTop)
                0x00000001                ASSERT ((__StackLimit >= __HeapLimit), region RAM overflowed with stack)
OUTPUT(_build/nrf52832_xxaa_s132.out elf32-littlearm)

.ARM.attributes
                0x00000000       0x30
 .ARM.attributes
                0x00000000       0x22 c:/program files (x86)/gnu tools arm embedded/4.9 2015q3/bin/../lib/gcc/arm-none-eabi/4.9.3/armv7e-m/fpu/crti.o
 .ARM.attributes
                0x00000022       0x34 c:/program files (x86)/gnu tools arm embedded/4.9 2015q3/bin/../lib/gcc/arm-none-eabi/4.9.3/armv7e-m/fpu/crtbegin.o
 .ARM.attributes
                0x00000056       0x20 c:/program files (x86)/gnu tools arm embedded/4.9 2015q3/bin/../lib/gcc/arm-none-eabi/4.9.3/../../../../arm-none-eabi/lib/armv7e-m/fpu/crt0.o
 .ARM.attributes
                0x00000076       0x34 c:/program files (x86)/gnu tools arm embedded/4.9 2015q3/bin/../lib/gcc/arm-none-eabi/4.9.3/../../../../arm-none-eabi/lib/armv7e-m/fpu\libc_nano.a(lib_a-exit.o)
 .ARM.attributes
                0x000000aa       0x34 c:/program files (x86)/gnu tools arm embedded/4.9 2015q3/bin/../lib/gcc/arm-none-eabi/4.9.3/../../../../arm-none-eabi/lib/armv7e-m/fpu\libc_nano.a(lib_a-impure.o)
 .ARM.attributes
                0x000000de       0x34 c:/program files (x86)/gnu tools arm embedded/4.9 2015q3/bin/../lib/gcc/arm-none-eabi/4.9.3/../../../../arm-none-eabi/lib/armv7e-m/fpu\libc_nano.a(lib_a-init.o)
 .ARM.attributes
                0x00000112       0x34 c:/program files (x86)/gnu tools arm embedded/4.9 2015q3/bin/../lib/gcc/arm-none-eabi/4.9.3/../../../../arm-none-eabi/lib/armv7e-m/fpu\libc_nano.a(lib_a-memset.o)
 .ARM.attributes
                0x00000146       0x34 c:/program files (x86)/gnu tools arm embedded/4.9 2015q3/bin/../lib/gcc/arm-none-eabi/4.9.3/../../../../arm-none-eabi/lib/armv7e-m/fpu\libnosys.a(_exit.o)
 .ARM.attributes
                0x0000017a       0x39 _build/app_button.o
 .ARM.attributes
                0x000001b3       0x39 _build/app_error.o
 .ARM.attributes
                0x000001ec       0x39 _build/app_error_weak.o
 .ARM.attributes
                0x00000225       0x39 _build/app_timer.o
 .ARM.attributes
                0x0000025e       0x39 _build/nrf_log.o
 .ARM.attributes
                0x00000297       0x39 _build/SEGGER_RTT.o
 .ARM.attributes
                0x000002d0       0x39 _build/SEGGER_RTT_printf.o
 .ARM.attributes
                0x00000309       0x39 _build/nrf_drv_common.o
 .ARM.attributes
                0x00000342       0x39 _build/nrf_drv_gpiote.o
 .ARM.attributes
                0x0000037b       0x39 _build/nrf_drv_uart.o
 .ARM.attributes
                0x000003b4       0x39 _build/bsp.o
 .ARM.attributes
                0x000003ed       0x39 _build/main.o
 .ARM.attributes
                0x00000426       0x39 _build/ble_fat.o
 .ARM.attributes
                0x0000045f       0x39 _build/ble_advdata.o
 .ARM.attributes
                0x00000498       0x39 _build/ble_conn_params.o
 .ARM.attributes
                0x000004d1       0x39 _build/system_nrf52.o
 .ARM.attributes
                0x0000050a       0x39 _build/softdevice_handler.o
 .ARM.attributes
                0x00000543       0x39 _build/ble_advertising.o
 .ARM.attributes
                0x0000057c       0x39 _build/pstorage.o
 .ARM.attributes
                0x000005b5       0x39 _build/fstorage.o
 .ARM.attributes
                0x000005ee       0x1c _build/gcc_startup_nrf52.o
 .ARM.attributes
                0x0000060a       0x34 c:/program files (x86)/gnu tools arm embedded/4.9 2015q3/bin/../lib/gcc/arm-none-eabi/4.9.3/../../../../arm-none-eabi/lib/armv7e-m/fpu\libc_nano.a(lib_a-memcpy.o)
 .ARM.attributes
                0x0000063e       0x34 c:/program files (x86)/gnu tools arm embedded/4.9 2015q3/bin/../lib/gcc/arm-none-eabi/4.9.3/../../../../arm-none-eabi/lib/armv7e-m/fpu\libc_nano.a(lib_a-strcpy.o)
 .ARM.attributes
                0x00000672       0x34 c:/program files (x86)/gnu tools arm embedded/4.9 2015q3/bin/../lib/gcc/arm-none-eabi/4.9.3/../../../../arm-none-eabi/lib/armv7e-m/fpu\libc_nano.a(lib_a-strlen.o)
 .ARM.attributes
                0x000006a6       0x34 c:/program files (x86)/gnu tools arm embedded/4.9 2015q3/bin/../lib/gcc/arm-none-eabi/4.9.3/armv7e-m/fpu/crtend.o
 .ARM.attributes
                0x000006da       0x22 c:/program files (x86)/gnu tools arm embedded/4.9 2015q3/bin/../lib/gcc/arm-none-eabi/4.9.3/armv7e-m/fpu/crtn.o

.comment        0x00000000       0x70
 .comment       0x00000000       0x70 _build/app_button.o
                                 0x71 (size before relaxing)
 .comment       0x00000000       0x71 _build/app_error.o
 .comment       0x00000000       0x71 _build/app_error_weak.o
 .comment       0x00000000       0x71 _build/app_timer.o
 .comment       0x00000000       0x71 _build/nrf_log.o
 .comment       0x00000000       0x71 _build/SEGGER_RTT.o
 .comment       0x00000000       0x71 _build/SEGGER_RTT_printf.o
 .comment       0x00000000       0x71 _build/nrf_drv_common.o
 .comment       0x00000000       0x71 _build/nrf_drv_gpiote.o
 .comment       0x00000000       0x71 _build/nrf_drv_uart.o
 .comment       0x00000000       0x71 _build/bsp.o
 .comment       0x00000000       0x71 _build/main.o
 .comment       0x00000000       0x71 _build/ble_fat.o
 .comment       0x00000000       0x71 _build/ble_advdata.o
 .comment       0x00000000       0x71 _build/ble_conn_params.o
 .comment       0x00000000       0x71 _build/system_nrf52.o
 .comment       0x00000000       0x71 _build/softdevice_handler.o
 .comment       0x00000000       0x71 _build/ble_advertising.o
 .comment       0x00000000       0x71 _build/pstorage.o
 .comment       0x00000000       0x71 _build/fstorage.o

.debug_frame    0x00000000     0x1cd0
 .debug_frame   0x00000000       0x28 c:/program files (x86)/gnu tools arm embedded/4.9 2015q3/bin/../lib/gcc/arm-none-eabi/4.9.3/../../../../arm-none-eabi/lib/armv7e-m/fpu\libc_nano.a(lib_a-exit.o)
 .debug_frame   0x00000028       0x2c c:/program files (x86)/gnu tools arm embedded/4.9 2015q3/bin/../lib/gcc/arm-none-eabi/4.9.3/../../../../arm-none-eabi/lib/armv7e-m/fpu\libc_nano.a(lib_a-init.o)
 .debug_frame   0x00000054       0x20 c:/program files (x86)/gnu tools arm embedded/4.9 2015q3/bin/../lib/gcc/arm-none-eabi/4.9.3/../../../../arm-none-eabi/lib/armv7e-m/fpu\libc_nano.a(lib_a-memset.o)
 .debug_frame   0x00000074       0x20 c:/program files (x86)/gnu tools arm embedded/4.9 2015q3/bin/../lib/gcc/arm-none-eabi/4.9.3/../../../../arm-none-eabi/lib/armv7e-m/fpu\libnosys.a(_exit.o)
 .debug_frame   0x00000094       0xe4 _build/app_button.o
 .debug_frame   0x00000178       0x70 _build/app_error.o
 .debug_frame   0x000001e8       0x20 _build/app_error_weak.o
 .debug_frame   0x00000208      0x170 _build/app_timer.o
 .debug_frame   0x00000378      0x15c _build/nrf_log.o
 .debug_frame   0x000004d4      0x2dc _build/SEGGER_RTT.o
 .debug_frame   0x000007b0       0xa0 _build/SEGGER_RTT_printf.o
 .debug_frame   0x00000850       0x2c _build/nrf_drv_common.o
 .debug_frame   0x0000087c      0x210 _build/nrf_drv_gpiote.o
 .debug_frame   0x00000a8c      0x158 _build/nrf_drv_uart.o
 .debug_frame   0x00000be4      0x24c _build/bsp.o
 .debug_frame   0x00000e30      0x134 _build/main.o
 .debug_frame   0x00000f64       0x7c _build/ble_fat.o
 .debug_frame   0x00000fe0      0x124 _build/ble_advdata.o
 .debug_frame   0x00001104      0x13c _build/ble_conn_params.o
 .debug_frame   0x00001240       0x40 _build/system_nrf52.o
 .debug_frame   0x00001280      0x1a8 _build/softdevice_handler.o
 .debug_frame   0x00001428      0x14c _build/ble_advertising.o
 .debug_frame   0x00001574      0x5c0 _build/pstorage.o
 .debug_frame   0x00001b34      0x134 _build/fstorage.o
 .debug_frame   0x00001c68       0x28 c:/program files (x86)/gnu tools arm embedded/4.9 2015q3/bin/../lib/gcc/arm-none-eabi/4.9.3/../../../../arm-none-eabi/lib/armv7e-m/fpu\libc_nano.a(lib_a-memcpy.o)
 .debug_frame   0x00001c90       0x20 c:/program files (x86)/gnu tools arm embedded/4.9 2015q3/bin/../lib/gcc/arm-none-eabi/4.9.3/../../../../arm-none-eabi/lib/armv7e-m/fpu\libc_nano.a(lib_a-strcpy.o)
 .debug_frame   0x00001cb0       0x20 c:/program files (x86)/gnu tools arm embedded/4.9 2015q3/bin/../lib/gcc/arm-none-eabi/4.9.3/../../../../arm-none-eabi/lib/armv7e-m/fpu\libc_nano.a(lib_a-strlen.o)

.debug_info     0x00000000    0x20f66
 .debug_info    0x00000000      0x6d1 _build/app_button.o
 .debug_info    0x000006d1      0x35b _build/app_error.o
 .debug_info    0x00000a2c      0x315 _build/app_error_weak.o
 .debug_info    0x00000d41     0x1d2f _build/app_timer.o
 .debug_info    0x00002a70      0x59e _build/nrf_log.o
 .debug_info    0x0000300e     0x20fe _build/SEGGER_RTT.o
 .debug_info    0x0000510c      0x7d5 _build/SEGGER_RTT_printf.o
 .debug_info    0x000058e1      0x602 _build/nrf_drv_common.o
 .debug_info    0x00005ee3     0x20e5 _build/nrf_drv_gpiote.o
 .debug_info    0x00007fc8     0x38eb _build/nrf_drv_uart.o
 .debug_info    0x0000b8b3     0x10cb _build/bsp.o
 .debug_info    0x0000c97e     0x5250 _build/main.o
 .debug_info    0x00011bce     0x1c04 _build/ble_fat.o
 .debug_info    0x000137d2     0x1caf _build/ble_advdata.o
 .debug_info    0x00015481     0x1c6b _build/ble_conn_params.o
 .debug_info    0x000170ec      0xdc1 _build/system_nrf52.o
 .debug_info    0x00017ead     0x2710 _build/softdevice_handler.o
 .debug_info    0x0001a5bd     0x219c _build/ble_advertising.o
 .debug_info    0x0001c759     0x360d _build/pstorage.o
 .debug_info    0x0001fd66     0x1200 _build/fstorage.o

.debug_abbrev   0x00000000     0x4149
 .debug_abbrev  0x00000000      0x21e _build/app_button.o
 .debug_abbrev  0x0000021e      0x141 _build/app_error.o
 .debug_abbrev  0x0000035f      0x128 _build/app_error_weak.o
 .debug_abbrev  0x00000487      0x41f _build/app_timer.o
 .debug_abbrev  0x000008a6      0x244 _build/nrf_log.o
 .debug_abbrev  0x00000aea      0x2ee _build/SEGGER_RTT.o
 .debug_abbrev  0x00000dd8      0x275 _build/SEGGER_RTT_printf.o
 .debug_abbrev  0x0000104d      0x1a2 _build/nrf_drv_common.o
 .debug_abbrev  0x000011ef      0x488 _build/nrf_drv_gpiote.o
 .debug_abbrev  0x00001677      0x40d _build/nrf_drv_uart.o
 .debug_abbrev  0x00001a84      0x3e7 _build/bsp.o
 .debug_abbrev  0x00001e6b      0x44a _build/main.o
 .debug_abbrev  0x000022b5      0x334 _build/ble_fat.o
 .debug_abbrev  0x000025e9      0x36d _build/ble_advdata.o
 .debug_abbrev  0x00002956      0x445 _build/ble_conn_params.o
 .debug_abbrev  0x00002d9b      0x1d3 _build/system_nrf52.o
 .debug_abbrev  0x00002f6e      0x571 _build/softdevice_handler.o
 .debug_abbrev  0x000034df      0x443 _build/ble_advertising.o
 .debug_abbrev  0x00003922      0x43e _build/pstorage.o
 .debug_abbrev  0x00003d60      0x3e9 _build/fstorage.o

.debug_loc      0x00000000    0x1383a
 .debug_loc     0x00000000      0x3d7 _build/app_button.o
 .debug_loc     0x000003d7      0x145 _build/app_error.o
 .debug_loc     0x0000051c       0x42 _build/app_error_weak.o
 .debug_loc     0x0000055e     0x10b9 _build/app_timer.o
 .debug_loc     0x00001617      0x1ea _build/nrf_log.o
 .debug_loc     0x00001801     0x3d63 _build/SEGGER_RTT.o
 .debug_loc     0x00005564     0x1051 _build/SEGGER_RTT_printf.o
 .debug_loc     0x000065b5       0xd6 _build/nrf_drv_common.o
 .debug_loc     0x0000668b     0x1c11 _build/nrf_drv_gpiote.o
 .debug_loc     0x0000829c     0x21ec _build/nrf_drv_uart.o
 .debug_loc     0x0000a488     0x1870 _build/bsp.o
 .debug_loc     0x0000bcf8      0x54d _build/main.o
 .debug_loc     0x0000c245      0x248 _build/ble_fat.o
 .debug_loc     0x0000c48d     0x1d3f _build/ble_advdata.o
 .debug_loc     0x0000e1cc      0x3b8 _build/ble_conn_params.o
 .debug_loc     0x0000e584      0x503 _build/softdevice_handler.o
 .debug_loc     0x0000ea87      0x5eb _build/ble_advertising.o
 .debug_loc     0x0000f072     0x3ec4 _build/pstorage.o
 .debug_loc     0x00012f36      0x904 _build/fstorage.o

.debug_aranges  0x00000000      0x7f0
 .debug_aranges
                0x00000000       0x48 _build/app_button.o
 .debug_aranges
                0x00000048       0x30 _build/app_error.o
 .debug_aranges
                0x00000078       0x20 _build/app_error_weak.o
 .debug_aranges
                0x00000098       0x68 _build/app_timer.o
 .debug_aranges
                0x00000100       0x60 _build/nrf_log.o
 .debug_aranges
                0x00000160       0xa0 _build/SEGGER_RTT.o
 .debug_aranges
                0x00000200       0x30 _build/SEGGER_RTT_printf.o
 .debug_aranges
                0x00000230       0x20 _build/nrf_drv_common.o
 .debug_aranges
                0x00000250       0xb8 _build/nrf_drv_gpiote.o
 .debug_aranges
                0x00000308       0x70 _build/nrf_drv_uart.o
 .debug_aranges
                0x00000378       0x80 _build/bsp.o
 .debug_aranges
                0x000003f8       0x78 _build/main.o
 .debug_aranges
                0x00000470       0x40 _build/ble_fat.o
 .debug_aranges
                0x000004b0       0x60 _build/ble_advdata.o
 .debug_aranges
                0x00000510       0x68 _build/ble_conn_params.o
 .debug_aranges
                0x00000578       0x28 _build/system_nrf52.o
 .debug_aranges
                0x000005a0       0xa0 _build/softdevice_handler.o
 .debug_aranges
                0x00000640       0x60 _build/ble_advertising.o
 .debug_aranges
                0x000006a0       0xf0 _build/pstorage.o
 .debug_aranges
                0x00000790       0x60 _build/fstorage.o

.debug_ranges   0x00000000     0x4410
 .debug_ranges  0x00000000       0xa0 _build/app_button.o
 .debug_ranges  0x000000a0       0x20 _build/app_error.o
 .debug_ranges  0x000000c0       0x10 _build/app_error_weak.o
 .debug_ranges  0x000000d0      0x5e0 _build/app_timer.o
 .debug_ranges  0x000006b0       0x50 _build/nrf_log.o
 .debug_ranges  0x00000700      0x490 _build/SEGGER_RTT.o
 .debug_ranges  0x00000b90      0x218 _build/SEGGER_RTT_printf.o
 .debug_ranges  0x00000da8       0x30 _build/nrf_drv_common.o
 .debug_ranges  0x00000dd8      0x940 _build/nrf_drv_gpiote.o
 .debug_ranges  0x00001718      0xab8 _build/nrf_drv_uart.o
 .debug_ranges  0x000021d0      0x2a0 _build/bsp.o
 .debug_ranges  0x00002470      0x150 _build/main.o
 .debug_ranges  0x000025c0       0x30 _build/ble_fat.o
 .debug_ranges  0x000025f0      0x320 _build/ble_advdata.o
 .debug_ranges  0x00002910       0xd0 _build/ble_conn_params.o
 .debug_ranges  0x000029e0       0xf0 _build/system_nrf52.o
 .debug_ranges  0x00002ad0      0x1c8 _build/softdevice_handler.o
 .debug_ranges  0x00002c98      0x138 _build/ble_advertising.o
 .debug_ranges  0x00002dd0     0x1480 _build/pstorage.o
 .debug_ranges  0x00004250      0x1c0 _build/fstorage.o

.debug_macro    0x00000000    0x19e0d
 .debug_macro   0x00000000      0x2c4 _build/app_button.o
 .debug_macro   0x000002c4      0x904 _build/app_button.o
 .debug_macro   0x00000bc8       0x22 _build/app_button.o
 .debug_macro   0x00000bea       0x44 _build/app_button.o
 .debug_macro   0x00000c2e       0xe3 _build/app_button.o
 .debug_macro   0x00000d11       0x22 _build/app_button.o
 .debug_macro   0x00000d33      0x1df _build/app_button.o
 .debug_macro   0x00000f12       0x22 _build/app_button.o
 .debug_macro   0x00000f34       0x1c _build/app_button.o
 .debug_macro   0x00000f50       0x2d _build/app_button.o
 .debug_macro   0x00000f7d       0x3b _build/app_button.o
 .debug_macro   0x00000fb8       0x50 _build/app_button.o
 .debug_macro   0x00001008      0xe66 _build/app_button.o
 .debug_macro   0x00001e6e      0x3a0 _build/app_button.o
 .debug_macro   0x0000220e    0x10245 _build/app_button.o
 .debug_macro   0x00012453     0x12c7 _build/app_button.o
 .debug_macro   0x0001371a       0x7c _build/app_button.o
 .debug_macro   0x00013796       0x1c _build/app_button.o
 .debug_macro   0x000137b2       0x58 _build/app_button.o
 .debug_macro   0x0001380a       0x35 _build/app_button.o
 .debug_macro   0x0001383f       0x9c _build/app_button.o
 .debug_macro   0x000138db       0x16 _build/app_button.o
 .debug_macro   0x000138f1       0x97 _build/app_button.o
 .debug_macro   0x00013988      0x29d _build/app_button.o
 .debug_macro   0x00013c25       0xef _build/app_button.o
 .debug_macro   0x00013d14       0x10 _build/app_button.o
 .debug_macro   0x00013d24       0x52 _build/app_button.o
 .debug_macro   0x00013d76       0x16 _build/app_button.o
 .debug_macro   0x00013d8c       0x43 _build/app_button.o
 .debug_macro   0x00013dcf      0x180 _build/app_button.o
 .debug_macro   0x00013f4f       0x10 _build/app_button.o
 .debug_macro   0x00013f5f       0x22 _build/app_button.o
 .debug_macro   0x00013f81       0xbe _build/app_button.o
 .debug_macro   0x0001403f       0x16 _build/app_button.o
 .debug_macro   0x00014055      0x197 _build/app_button.o
 .debug_macro   0x000141ec       0x9a _build/app_button.o
 .debug_macro   0x00014286       0x70 _build/app_button.o
 .debug_macro   0x000142f6      0x11e _build/app_button.o
 .debug_macro   0x00014414       0x52 _build/app_button.o
 .debug_macro   0x00014466       0x67 _build/app_button.o
 .debug_macro   0x000144cd       0xf9 _build/app_button.o
 .debug_macro   0x000145c6       0x2b _build/app_button.o
 .debug_macro   0x000145f1       0x10 _build/app_button.o
 .debug_macro   0x00014601       0x1c _build/app_button.o
 .debug_macro   0x0001461d       0x47 _build/app_button.o
 .debug_macro   0x00014664       0x11 _build/app_button.o
 .debug_macro   0x00014675      0x198 _build/app_button.o
 .debug_macro   0x0001480d       0x2e _build/app_button.o
 .debug_macro   0x0001483b       0x16 _build/app_button.o
 .debug_macro   0x00014851       0x35 _build/app_button.o
 .debug_macro   0x00014886       0x22 _build/app_button.o
 .debug_macro   0x000148a8       0x37 _build/app_button.o
 .debug_macro   0x000148df      0x228 _build/app_error.o
 .debug_macro   0x00014b07       0x35 _build/app_error.o
 .debug_macro   0x00014b3c      0x222 _build/app_error_weak.o
 .debug_macro   0x00014d5e      0x34c _build/app_timer.o
 .debug_macro   0x000150aa       0x41 _build/app_timer.o
 .debug_macro   0x000150eb       0x16 _build/app_timer.o
 .debug_macro   0x00015101       0x16 _build/app_timer.o
 .debug_macro   0x00015117       0x29 _build/app_timer.o
 .debug_macro   0x00015140       0x16 _build/app_timer.o
 .debug_macro   0x00015156       0x40 _build/app_timer.o
 .debug_macro   0x00015196       0x64 _build/app_timer.o
 .debug_macro   0x000151fa       0x2e _build/app_timer.o
 .debug_macro   0x00015228       0x60 _build/app_timer.o
 .debug_macro   0x00015288       0x16 _build/app_timer.o
 .debug_macro   0x0001529e      0x221 _build/nrf_log.o
 .debug_macro   0x000154bf       0x58 _build/nrf_log.o
 .debug_macro   0x00015517      0x166 _build/nrf_log.o
 .debug_macro   0x0001567d       0x10 _build/nrf_log.o
 .debug_macro   0x0001568d       0x1c _build/nrf_log.o
 .debug_macro   0x000156a9       0x3a _build/nrf_log.o
 .debug_macro   0x000156e3      0x114 _build/nrf_log.o
 .debug_macro   0x000157f7      0x102 _build/SEGGER_RTT.o
 .debug_macro   0x000158f9      0x11b _build/SEGGER_RTT_printf.o
 .debug_macro   0x00015a14      0x2a5 _build/nrf_drv_common.o
 .debug_macro   0x00015cb9      0x2f5 _build/nrf_drv_gpiote.o
 .debug_macro   0x00015fae       0x10 _build/nrf_drv_gpiote.o
 .debug_macro   0x00015fbe      0x308 _build/nrf_drv_uart.o
 .debug_macro   0x000162c6      0x2d9 _build/bsp.o
 .debug_macro   0x0001659f      0x280 _build/bsp.o
 .debug_macro   0x0001681f       0x22 _build/bsp.o
 .debug_macro   0x00016841       0x5e _build/bsp.o
 .debug_macro   0x0001689f      0x48e _build/main.o
 .debug_macro   0x00016d2d       0xd6 _build/main.o
 .debug_macro   0x00016e03      0x1fb _build/main.o
 .debug_macro   0x00016ffe      0x3f4 _build/main.o
 .debug_macro   0x000173f2       0x3a _build/main.o
 .debug_macro   0x0001742c       0x22 _build/main.o
 .debug_macro   0x0001744e      0x201 _build/main.o
 .debug_macro   0x0001764f       0x1c _build/main.o
 .debug_macro   0x0001766b       0xdb _build/main.o
 .debug_macro   0x00017746       0x24 _build/main.o
 .debug_macro   0x0001776a       0xb8 _build/main.o
 .debug_macro   0x00017822       0x40 _build/main.o
 .debug_macro   0x00017862      0x2ca _build/main.o
 .debug_macro   0x00017b2c       0x46 _build/main.o
 .debug_macro   0x00017b72       0x1c _build/main.o
 .debug_macro   0x00017b8e       0x8e _build/main.o
 .debug_macro   0x00017c1c       0x76 _build/main.o
 .debug_macro   0x00017c92       0x16 _build/main.o
 .debug_macro   0x00017ca8       0x10 _build/main.o
 .debug_macro   0x00017cb8      0x401 _build/main.o
 .debug_macro   0x000180b9       0x22 _build/main.o
 .debug_macro   0x000180db       0x22 _build/main.o
 .debug_macro   0x000180fd       0x22 _build/main.o
 .debug_macro   0x0001811f      0x263 _build/ble_fat.o
 .debug_macro   0x00018382      0x1f5 _build/ble_fat.o
 .debug_macro   0x00018577       0x16 _build/ble_fat.o
 .debug_macro   0x0001858d      0x280 _build/ble_advdata.o
 .debug_macro   0x0001880d      0x307 _build/ble_conn_params.o
 .debug_macro   0x00018b14       0xa6 _build/ble_conn_params.o
 .debug_macro   0x00018bba       0xe6 _build/system_nrf52.o
 .debug_macro   0x00018ca0      0x3da _build/softdevice_handler.o
 .debug_macro   0x0001907a       0x10 _build/softdevice_handler.o
 .debug_macro   0x0001908a      0x3fa _build/softdevice_handler.o
 .debug_macro   0x00019484       0x40 _build/softdevice_handler.o
 .debug_macro   0x000194c4       0x10 _build/softdevice_handler.o
 .debug_macro   0x000194d4      0x2ce _build/ble_advertising.o
 .debug_macro   0x000197a2       0x46 _build/ble_advertising.o
 .debug_macro   0x000197e8       0x1c _build/ble_advertising.o
 .debug_macro   0x00019804       0x52 _build/ble_advertising.o
 .debug_macro   0x00019856      0x32a _build/pstorage.o
 .debug_macro   0x00019b80       0x40 _build/pstorage.o
 .debug_macro   0x00019bc0      0x1ea _build/fstorage.o
 .debug_macro   0x00019daa       0x1c _build/fstorage.o
 .debug_macro   0x00019dc6       0x47 _build/fstorage.o

.debug_line     0x00000000     0xbf93
 .debug_line    0x00000000      0x821 _build/app_button.o
 .debug_line    0x00000821      0x551 _build/app_error.o
 .debug_line    0x00000d72      0x518 _build/app_error_weak.o
 .debug_line    0x0000128a      0xba4 _build/app_timer.o
 .debug_line    0x00001e2e      0x64b _build/nrf_log.o
 .debug_line    0x00002479      0xc1d _build/SEGGER_RTT.o
 .debug_line    0x00003096      0x507 _build/SEGGER_RTT_printf.o
 .debug_line    0x0000359d      0x69e _build/nrf_drv_common.o
 .debug_line    0x00003c3b      0xf17 _build/nrf_drv_gpiote.o
 .debug_line    0x00004b52      0xfcd _build/nrf_drv_uart.o
 .debug_line    0x00005b1f      0xace _build/bsp.o
 .debug_line    0x000065ed      0xb53 _build/main.o
 .debug_line    0x00007140      0x6c9 _build/ble_fat.o
 .debug_line    0x00007809      0xa56 _build/ble_advdata.o
 .debug_line    0x0000825f      0x7e9 _build/ble_conn_params.o
 .debug_line    0x00008a48      0x47c _build/system_nrf52.o
 .debug_line    0x00008ec4      0x9fc _build/softdevice_handler.o
 .debug_line    0x000098c0      0xa41 _build/ble_advertising.o
 .debug_line    0x0000a301     0x1475 _build/pstorage.o
 .debug_line    0x0000b776      0x81d _build/fstorage.o

.debug_str      0x00000000    0x88fc0
 .debug_str     0x00000000    0x71920 _build/app_button.o
                              0x724b9 (size before relaxing)
 .debug_str     0x00071920      0x134 _build/app_error.o
                              0x70ef9 (size before relaxing)
 .debug_str     0x00071a54       0xc4 _build/app_error_weak.o
                              0x70e73 (size before relaxing)
 .debug_str     0x00071b18     0x181c _build/app_timer.o
                              0x72f0d (size before relaxing)
 .debug_str     0x00073334      0x8e8 _build/nrf_log.o
                              0x70d0c (size before relaxing)
 .debug_str     0x00073c1c      0x3c8 _build/SEGGER_RTT.o
                               0x5882 (size before relaxing)
 .debug_str     0x00073fe4      0x192 _build/SEGGER_RTT_printf.o
                               0x5872 (size before relaxing)
 .debug_str     0x00074176       0x9f _build/nrf_drv_common.o
                              0x7225b (size before relaxing)
 .debug_str     0x00074215      0xecf _build/nrf_drv_gpiote.o
                              0x7386c (size before relaxing)
 .debug_str     0x000750e4     0x1589 _build/nrf_drv_uart.o
                              0x73c18 (size before relaxing)
 .debug_str     0x0007666d     0x19c6 _build/bsp.o
                              0x72d72 (size before relaxing)
 .debug_str     0x00078033     0xd45c _build/main.o
                              0x80c5b (size before relaxing)
 .debug_str     0x0008548f      0x47e _build/ble_fat.o
                              0x75bdf (size before relaxing)
 .debug_str     0x0008590d      0x3ac _build/ble_advdata.o
                              0x75a5e (size before relaxing)
 .debug_str     0x00085cb9      0x691 _build/ble_conn_params.o
                              0x77ab0 (size before relaxing)
 .debug_str     0x0008634a      0x38f _build/system_nrf52.o
                              0x6c6ea (size before relaxing)
 .debug_str     0x000866d9      0x558 _build/softdevice_handler.o
                              0x7b145 (size before relaxing)
 .debug_str     0x00086c31      0xf20 _build/ble_advertising.o
                              0x77053 (size before relaxing)
 .debug_str     0x00087b51      0xf6f _build/pstorage.o
                              0x72ecf (size before relaxing)
 .debug_str     0x00088ac0      0x500 _build/fstorage.o
                              0x70391 (size before relaxing)
